[2021-04-06T20:39:25.807-0800][0.020s] Heap region size: 1M
[2021-04-06T20:39:25.808-0800][0.021s] Heap address: 0x00000007e0000000, size: 512 MB, Compressed Oops mode: Zero based, Oop shift amount: 3
[2021-04-06T20:39:26.360-0800][0.573s] Using G1
[2021-04-06T20:39:26.362-0800][0.575s] Mark closed archive regions in map: [0x00000007fff00000, 0x00000007fff7aff8]
[2021-04-06T20:39:26.362-0800][0.575s] Mark open archive regions in map: [0x00000007ffe00000, 0x00000007ffe50ff8]
[2021-04-06T20:39:26.411-0800][0.624s] Periodic GC disabled
[2021-04-06T20:39:28.478-0800][2.691s] GC(0) Pause Young (Normal) (G1 Evacuation Pause)
[2021-04-06T20:39:28.479-0800][2.691s] GC(0) Using 4 workers of 4 for evacuation
[2021-04-06T20:39:28.482-0800][2.695s] GC(0)   Pre Evacuate Collection Set: 0.1ms
[2021-04-06T20:39:28.482-0800][2.695s] GC(0)   Merge Heap Roots: 0.0ms
[2021-04-06T20:39:28.482-0800][2.695s] GC(0)   Evacuate Collection Set: 2.9ms
[2021-04-06T20:39:28.482-0800][2.695s] GC(0)   Post Evacuate Collection Set: 0.4ms
[2021-04-06T20:39:28.482-0800][2.695s] GC(0)   Other: 0.4ms
[2021-04-06T20:39:28.482-0800][2.695s] GC(0) Eden regions: 25->0(37)
[2021-04-06T20:39:28.482-0800][2.695s] GC(0) Survivor regions: 0->3(4)
[2021-04-06T20:39:28.482-0800][2.695s] GC(0) Old regions: 0->0
[2021-04-06T20:39:28.482-0800][2.695s] GC(0) Archive regions: 2->2
[2021-04-06T20:39:28.482-0800][2.695s] GC(0) Humongous regions: 0->0
[2021-04-06T20:39:28.482-0800][2.695s] GC(0) Metaspace: 5168K(7296K)->5168K(7296K) NonClass: 4560K(6400K)->4560K(6400K) Class: 608K(896K)->608K(896K)
[2021-04-06T20:39:28.482-0800][2.695s] GC(0) Pause Young (Normal) (G1 Evacuation Pause) 25M->3M(512M) 4.058ms
[2021-04-06T20:39:28.482-0800][2.695s] GC(0) User=0.01s Sys=0.01s Real=0.01s
[2021-04-06T20:39:34.525-0800][8.737s] GC(1) Pause Young (Normal) (G1 Evacuation Pause)
[2021-04-06T20:39:34.525-0800][8.737s] GC(1) Using 4 workers of 4 for evacuation
[2021-04-06T20:39:34.544-0800][8.757s] GC(1)   Pre Evacuate Collection Set: 0.1ms
[2021-04-06T20:39:34.544-0800][8.757s] GC(1)   Merge Heap Roots: 0.1ms
[2021-04-06T20:39:34.544-0800][8.757s] GC(1)   Evacuate Collection Set: 18.6ms
[2021-04-06T20:39:34.544-0800][8.757s] GC(1)   Post Evacuate Collection Set: 0.7ms
[2021-04-06T20:39:34.544-0800][8.757s] GC(1)   Other: 0.3ms
[2021-04-06T20:39:34.544-0800][8.757s] GC(1) Eden regions: 37->0(268)
[2021-04-06T20:39:34.545-0800][8.757s] GC(1) Survivor regions: 3->5(5)
[2021-04-06T20:39:34.545-0800][8.757s] GC(1) Old regions: 0->5
[2021-04-06T20:39:34.545-0800][8.757s] GC(1) Archive regions: 2->2
[2021-04-06T20:39:34.545-0800][8.757s] GC(1) Humongous regions: 4->4
[2021-04-06T20:39:34.545-0800][8.757s] GC(1) Metaspace: 9900K(10624K)->9900K(10624K) NonClass: 8697K(9216K)->8697K(9216K) Class: 1203K(1408K)->1203K(1408K)
[2021-04-06T20:39:34.545-0800][8.757s] GC(1) Pause Young (Normal) (G1 Evacuation Pause) 44M->14M(512M) 19.945ms
[2021-04-06T20:39:34.545-0800][8.757s] GC(1) User=0.06s Sys=0.00s Real=0.02s
[2021-04-06T20:39:37.707-0800][11.919s] GC(2) Pause Young (Concurrent Start) (Metadata GC Threshold)
[2021-04-06T20:39:37.707-0800][11.919s] GC(2) Using 4 workers of 4 for evacuation
[2021-04-06T20:39:37.721-0800][11.933s] GC(2)   Pre Evacuate Collection Set: 0.1ms
[2021-04-06T20:39:37.721-0800][11.933s] GC(2)   Merge Heap Roots: 0.1ms
[2021-04-06T20:39:37.721-0800][11.934s] GC(2)   Evacuate Collection Set: 12.4ms
[2021-04-06T20:39:37.721-0800][11.934s] GC(2)   Post Evacuate Collection Set: 1.1ms
[2021-04-06T20:39:37.721-0800][11.934s] GC(2)   Other: 0.3ms
[2021-04-06T20:39:37.721-0800][11.934s] GC(2) Eden regions: 74->0(71)
[2021-04-06T20:39:37.721-0800][11.934s] GC(2) Survivor regions: 5->14(35)
[2021-04-06T20:39:37.721-0800][11.934s] GC(2) Old regions: 5->5
[2021-04-06T20:39:37.721-0800][11.934s] GC(2) Archive regions: 2->2
[2021-04-06T20:39:37.721-0800][11.934s] GC(2) Humongous regions: 4->4
[2021-04-06T20:39:37.721-0800][11.934s] GC(2) Metaspace: 20398K(21296K)->20398K(21296K) NonClass: 18029K(18608K)->18029K(18608K) Class: 2368K(2688K)->2368K(2688K)
[2021-04-06T20:39:37.721-0800][11.934s] GC(2) Pause Young (Concurrent Start) (Metadata GC Threshold) 88M->23M(512M) 14.406ms
[2021-04-06T20:39:37.721-0800][11.934s] GC(2) User=0.05s Sys=0.00s Real=0.02s
[2021-04-06T20:39:37.721-0800][11.934s] GC(3) Concurrent Cycle
[2021-04-06T20:39:37.721-0800][11.934s] GC(3) Concurrent Clear Claimed Marks
[2021-04-06T20:39:37.721-0800][11.934s] GC(3) Concurrent Clear Claimed Marks 0.051ms
[2021-04-06T20:39:37.721-0800][11.934s] GC(3) Concurrent Scan Root Regions
[2021-04-06T20:39:37.734-0800][11.946s] GC(3) Concurrent Scan Root Regions 12.189ms
[2021-04-06T20:39:37.734-0800][11.946s] GC(3) Concurrent Mark (11.946s)
[2021-04-06T20:39:37.734-0800][11.946s] GC(3) Concurrent Mark From Roots
[2021-04-06T20:39:37.734-0800][11.946s] GC(3) Using 1 workers of 1 for marking
[2021-04-06T20:39:37.777-0800][11.989s] GC(3) Concurrent Mark From Roots 42.882ms
[2021-04-06T20:39:37.777-0800][11.989s] GC(3) Concurrent Preclean
[2021-04-06T20:39:37.777-0800][11.989s] GC(3) Concurrent Preclean 0.067ms
[2021-04-06T20:39:37.777-0800][11.989s] GC(3) Concurrent Mark (11.946s, 11.989s) 43.064ms
[2021-04-06T20:39:37.777-0800][11.990s] GC(3) Pause Remark
[2021-04-06T20:39:37.780-0800][11.992s] GC(3) Pause Remark 25M->25M(512M) 2.650ms
[2021-04-06T20:39:37.780-0800][11.992s] GC(3) User=0.01s Sys=0.00s Real=0.01s
[2021-04-06T20:39:37.785-0800][11.998s] GC(3) Concurrent Rebuild Remembered Sets
[2021-04-06T20:39:37.798-0800][12.011s] GC(3) Concurrent Rebuild Remembered Sets 12.872ms
[2021-04-06T20:39:37.799-0800][12.011s] GC(3) Pause Cleanup
[2021-04-06T20:39:37.799-0800][12.012s] GC(3) Pause Cleanup 26M->26M(512M) 0.139ms
[2021-04-06T20:39:37.799-0800][12.012s] GC(3) User=0.00s Sys=0.00s Real=0.00s
[2021-04-06T20:39:37.799-0800][12.012s] GC(3) Concurrent Cleanup for Next Mark
[2021-04-06T20:39:37.801-0800][12.013s] GC(3) Concurrent Cleanup for Next Mark 1.663ms
[2021-04-06T20:39:37.801-0800][12.013s] GC(3) Concurrent Cycle 79.594ms
[2021-04-06T20:39:41.057-0800][15.269s] GC(4) Pause Young (Concurrent Start) (G1 Evacuation Pause)
[2021-04-06T20:39:41.057-0800][15.269s] GC(4) Using 4 workers of 4 for evacuation
[2021-04-06T20:39:41.076-0800][15.288s] GC(4)   Pre Evacuate Collection Set: 0.5ms
[2021-04-06T20:39:41.076-0800][15.288s] GC(4)   Merge Heap Roots: 0.1ms
[2021-04-06T20:39:41.076-0800][15.288s] GC(4)   Evacuate Collection Set: 17.1ms
[2021-04-06T20:39:41.076-0800][15.288s] GC(4)   Post Evacuate Collection Set: 1.3ms
[2021-04-06T20:39:41.076-0800][15.288s] GC(4)   Other: 0.2ms
[2021-04-06T20:39:41.076-0800][15.288s] GC(4) Eden regions: 74->0(142)
[2021-04-06T20:39:41.076-0800][15.288s] GC(4) Survivor regions: 14->4(11)
[2021-04-06T20:39:41.076-0800][15.288s] GC(4) Old regions: 5->19
[2021-04-06T20:39:41.076-0800][15.288s] GC(4) Archive regions: 2->2
[2021-04-06T20:39:41.076-0800][15.288s] GC(4) Humongous regions: 4->4
[2021-04-06T20:39:41.076-0800][15.288s] GC(4) Metaspace: 29548K(30640K)->29548K(30640K) NonClass: 26093K(26800K)->26093K(26800K) Class: 3454K(3840K)->3454K(3840K)
[2021-04-06T20:39:41.076-0800][15.288s] GC(4) Pause Young (Concurrent Start) (G1 Evacuation Pause) 97M->27M(512M) 19.425ms
[2021-04-06T20:39:41.076-0800][15.288s] GC(4) User=0.07s Sys=0.00s Real=0.02s
[2021-04-06T20:39:41.076-0800][15.288s] GC(5) Concurrent Cycle
[2021-04-06T20:39:41.076-0800][15.289s] GC(5) Concurrent Clear Claimed Marks
[2021-04-06T20:39:41.076-0800][15.289s] GC(5) Concurrent Clear Claimed Marks 0.069ms
[2021-04-06T20:39:41.076-0800][15.289s] GC(5) Concurrent Scan Root Regions
[2021-04-06T20:39:41.093-0800][15.306s] GC(5) Concurrent Scan Root Regions 17.190ms
[2021-04-06T20:39:41.093-0800][15.306s] GC(5) Concurrent Mark (15.306s)
[2021-04-06T20:39:41.093-0800][15.306s] GC(5) Concurrent Mark From Roots
[2021-04-06T20:39:41.093-0800][15.306s] GC(5) Using 1 workers of 1 for marking
[2021-04-06T20:39:41.147-0800][15.360s] GC(5) Concurrent Mark From Roots 53.844ms
[2021-04-06T20:39:41.147-0800][15.360s] GC(5) Concurrent Preclean
[2021-04-06T20:39:41.147-0800][15.360s] GC(5) Concurrent Preclean 0.047ms
[2021-04-06T20:39:41.147-0800][15.360s] GC(5) Concurrent Mark (15.306s, 15.360s) 54.003ms
[2021-04-06T20:39:41.148-0800][15.360s] GC(5) Pause Remark
[2021-04-06T20:39:41.151-0800][15.364s] GC(5) Pause Remark 30M->30M(512M) 3.474ms
[2021-04-06T20:39:41.151-0800][15.364s] GC(5) User=0.01s Sys=0.00s Real=0.01s
[2021-04-06T20:39:41.162-0800][15.374s] GC(5) Concurrent Rebuild Remembered Sets
[2021-04-06T20:39:41.192-0800][15.405s] GC(5) Concurrent Rebuild Remembered Sets 30.520ms
[2021-04-06T20:39:41.192-0800][15.405s] GC(5) Pause Cleanup
[2021-04-06T20:39:41.193-0800][15.405s] GC(5) Pause Cleanup 31M->31M(512M) 0.109ms
[2021-04-06T20:39:41.193-0800][15.405s] GC(5) User=0.00s Sys=0.00s Real=0.00s
[2021-04-06T20:39:41.193-0800][15.405s] GC(5) Concurrent Cleanup for Next Mark
[2021-04-06T20:39:41.194-0800][15.406s] GC(5) Concurrent Cleanup for Next Mark 1.403ms
[2021-04-06T20:39:41.194-0800][15.407s] GC(5) Concurrent Cycle 118.073ms
[2021-04-06T20:39:50.903-0800][25.116s] GC(6) Pause Young (Normal) (G1 Evacuation Pause)
[2021-04-06T20:39:50.904-0800][25.116s] GC(6) Using 4 workers of 4 for evacuation
[2021-04-06T20:39:50.918-0800][25.130s] GC(6)   Pre Evacuate Collection Set: 0.1ms
[2021-04-06T20:39:50.918-0800][25.130s] GC(6)   Merge Heap Roots: 0.2ms
[2021-04-06T20:39:50.918-0800][25.130s] GC(6)   Evacuate Collection Set: 12.4ms
[2021-04-06T20:39:50.918-0800][25.130s] GC(6)   Post Evacuate Collection Set: 1.2ms
[2021-04-06T20:39:50.918-0800][25.130s] GC(6)   Other: 0.6ms
[2021-04-06T20:39:50.918-0800][25.130s] GC(6) Eden regions: 142->0(298)
[2021-04-06T20:39:50.918-0800][25.130s] GC(6) Survivor regions: 4->9(19)
[2021-04-06T20:39:50.918-0800][25.130s] GC(6) Old regions: 19->19
[2021-04-06T20:39:50.918-0800][25.130s] GC(6) Archive regions: 2->2
[2021-04-06T20:39:50.918-0800][25.130s] GC(6) Humongous regions: 5->4
[2021-04-06T20:39:50.918-0800][25.130s] GC(6) Metaspace: 38857K(39984K)->38857K(39984K) NonClass: 34259K(34992K)->34259K(34992K) Class: 4597K(4992K)->4597K(4992K)
[2021-04-06T20:39:50.918-0800][25.130s] GC(6) Pause Young (Normal) (G1 Evacuation Pause) 170M->31M(512M) 14.827ms
[2021-04-06T20:39:50.918-0800][25.130s] GC(6) User=0.05s Sys=0.01s Real=0.01s
[2021-04-06T20:47:03.976-0800][458.175s] GC(7) Pause Young (Normal) (G1 Evacuation Pause)
[2021-04-06T20:47:03.976-0800][458.176s] GC(7) Using 4 workers of 4 for evacuation
[2021-04-06T20:47:03.995-0800][458.194s] GC(7)   Pre Evacuate Collection Set: 0.1ms
[2021-04-06T20:47:03.995-0800][458.194s] GC(7)   Merge Heap Roots: 0.1ms
[2021-04-06T20:47:03.995-0800][458.194s] GC(7)   Evacuate Collection Set: 14.5ms
[2021-04-06T20:47:03.995-0800][458.194s] GC(7)   Post Evacuate Collection Set: 3.6ms
[2021-04-06T20:47:03.995-0800][458.194s] GC(7)   Other: 0.6ms
[2021-04-06T20:47:03.995-0800][458.194s] GC(7) Eden regions: 298->0(288)
[2021-04-06T20:47:03.995-0800][458.194s] GC(7) Survivor regions: 9->19(39)
[2021-04-06T20:47:03.995-0800][458.194s] GC(7) Old regions: 19->19
[2021-04-06T20:47:03.995-0800][458.194s] GC(7) Archive regions: 2->2
[2021-04-06T20:47:03.995-0800][458.194s] GC(7) Humongous regions: 4->4
[2021-04-06T20:47:03.995-0800][458.194s] GC(7) Metaspace: 48397K(49712K)->48397K(49712K) NonClass: 42593K(43440K)->42593K(43440K) Class: 5804K(6272K)->5804K(6272K)
[2021-04-06T20:47:03.995-0800][458.194s] GC(7) Pause Young (Normal) (G1 Evacuation Pause) 329M->41M(512M) 19.024ms
[2021-04-06T20:47:03.995-0800][458.194s] GC(7) User=0.07s Sys=0.00s Real=0.02s
[2021-04-06T20:58:03.448-0800][1117.628s] GC(8) Pause Young (Normal) (G1 Evacuation Pause)
[2021-04-06T20:58:03.448-0800][1117.628s] GC(8) Using 4 workers of 4 for evacuation
[2021-04-06T20:58:03.505-0800][1117.684s] GC(8)   Pre Evacuate Collection Set: 0.1ms
[2021-04-06T20:58:03.505-0800][1117.684s] GC(8)   Merge Heap Roots: 0.1ms
[2021-04-06T20:58:03.505-0800][1117.684s] GC(8)   Evacuate Collection Set: 20.5ms
[2021-04-06T20:58:03.505-0800][1117.684s] GC(8)   Post Evacuate Collection Set: 35.6ms
[2021-04-06T20:58:03.505-0800][1117.684s] GC(8)   Other: 0.3ms
[2021-04-06T20:58:03.505-0800][1117.684s] GC(8) Eden regions: 288->0(281)
[2021-04-06T20:58:03.505-0800][1117.684s] GC(8) Survivor regions: 19->26(39)
[2021-04-06T20:58:03.505-0800][1117.684s] GC(8) Old regions: 19->19
[2021-04-06T20:58:03.505-0800][1117.684s] GC(8) Archive regions: 2->2
[2021-04-06T20:58:03.505-0800][1117.684s] GC(8) Humongous regions: 4->4
[2021-04-06T20:58:03.505-0800][1117.684s] GC(8) Metaspace: 48881K(50224K)->48881K(50224K) NonClass: 43064K(43952K)->43064K(43952K) Class: 5816K(6272K)->5816K(6272K)
[2021-04-06T20:58:03.505-0800][1117.685s] GC(8) Pause Young (Normal) (G1 Evacuation Pause) 329M->48M(512M) 56.864ms
[2021-04-06T20:58:03.505-0800][1117.685s] GC(8) User=0.11s Sys=0.00s Real=0.06s
[2021-04-06T21:09:13.235-0800][1787.395s] GC(9) Pause Young (Concurrent Start) (Metadata GC Threshold)
[2021-04-06T21:09:13.235-0800][1787.395s] GC(9) Using 4 workers of 4 for evacuation
[2021-04-06T21:09:13.274-0800][1787.433s] GC(9)   Pre Evacuate Collection Set: 0.2ms
[2021-04-06T21:09:13.274-0800][1787.433s] GC(9)   Merge Heap Roots: 0.2ms
[2021-04-06T21:09:13.274-0800][1787.433s] GC(9)   Evacuate Collection Set: 30.6ms
[2021-04-06T21:09:13.274-0800][1787.433s] GC(9)   Post Evacuate Collection Set: 7.0ms
[2021-04-06T21:09:13.274-0800][1787.433s] GC(9)   Other: 0.4ms
[2021-04-06T21:09:13.274-0800][1787.433s] GC(9) Eden regions: 199->0(290)
[2021-04-06T21:09:13.274-0800][1787.433s] GC(9) Survivor regions: 26->17(39)
[2021-04-06T21:09:13.274-0800][1787.433s] GC(9) Old regions: 19->26
[2021-04-06T21:09:13.274-0800][1787.433s] GC(9) Archive regions: 2->2
[2021-04-06T21:09:13.274-0800][1787.433s] GC(9) Humongous regions: 7->7
[2021-04-06T21:09:13.274-0800][1787.433s] GC(9) Metaspace: 50090K(51496K)->50090K(51496K) NonClass: 44159K(44976K)->44159K(44976K) Class: 5930K(6520K)->5930K(6520K)
[2021-04-06T21:09:13.274-0800][1787.433s] GC(9) Pause Young (Concurrent Start) (Metadata GC Threshold) 249M->49M(512M) 38.381ms
[2021-04-06T21:09:13.274-0800][1787.433s] GC(9) User=0.09s Sys=0.01s Real=0.04s
[2021-04-06T21:09:13.274-0800][1787.433s] GC(10) Concurrent Cycle
[2021-04-06T21:09:13.274-0800][1787.433s] GC(10) Concurrent Clear Claimed Marks
[2021-04-06T21:09:13.274-0800][1787.433s] GC(10) Concurrent Clear Claimed Marks 0.141ms
[2021-04-06T21:09:13.274-0800][1787.433s] GC(10) Concurrent Scan Root Regions
[2021-04-06T21:09:13.300-0800][1787.460s] GC(10) Concurrent Scan Root Regions 26.285ms
[2021-04-06T21:09:13.300-0800][1787.460s] GC(10) Concurrent Mark (1787.460s)
[2021-04-06T21:09:13.300-0800][1787.460s] GC(10) Concurrent Mark From Roots
[2021-04-06T21:09:13.300-0800][1787.460s] GC(10) Using 1 workers of 1 for marking
[2021-04-06T21:09:13.415-0800][1787.575s] GC(10) Concurrent Mark From Roots 114.916ms
[2021-04-06T21:09:13.415-0800][1787.575s] GC(10) Concurrent Preclean
[2021-04-06T21:09:13.416-0800][1787.575s] GC(10) Concurrent Preclean 0.208ms
[2021-04-06T21:09:13.416-0800][1787.575s] GC(10) Concurrent Mark (1787.460s, 1787.575s) 115.245ms
[2021-04-06T21:09:13.416-0800][1787.575s] GC(10) Pause Remark
[2021-04-06T21:09:13.440-0800][1787.600s] GC(10) Pause Remark 52M->52M(512M) 24.595ms
[2021-04-06T21:09:13.441-0800][1787.600s] GC(10) User=0.03s Sys=0.04s Real=0.03s
[2021-04-06T21:09:13.451-0800][1787.610s] GC(10) Concurrent Rebuild Remembered Sets
[2021-04-06T21:09:13.551-0800][1787.710s] GC(10) Concurrent Rebuild Remembered Sets 99.666ms
[2021-04-06T21:09:13.576-0800][1787.735s] GC(10) Pause Cleanup
[2021-04-06T21:09:13.576-0800][1787.735s] GC(10) Pause Cleanup 53M->53M(512M) 0.163ms
[2021-04-06T21:09:13.576-0800][1787.735s] GC(10) User=0.00s Sys=0.00s Real=0.00s
[2021-04-06T21:09:13.606-0800][1787.766s] GC(10) Concurrent Cleanup for Next Mark
[2021-04-06T21:09:13.608-0800][1787.767s] GC(10) Concurrent Cleanup for Next Mark 1.313ms
[2021-04-06T21:09:13.608-0800][1787.767s] GC(10) Concurrent Cycle 333.837ms
[2021-04-06T21:09:18.341-0800][1792.501s] GC(11) Pause Young (Normal) (G1 Evacuation Pause)
[2021-04-06T21:09:18.342-0800][1792.501s] GC(11) Using 4 workers of 4 for evacuation
[2021-04-06T21:09:18.359-0800][1792.518s] GC(11)   Pre Evacuate Collection Set: 0.1ms
[2021-04-06T21:09:18.359-0800][1792.518s] GC(11)   Merge Heap Roots: 0.1ms
[2021-04-06T21:09:18.359-0800][1792.518s] GC(11)   Evacuate Collection Set: 16.0ms
[2021-04-06T21:09:18.359-0800][1792.518s] GC(11)   Post Evacuate Collection Set: 0.8ms
[2021-04-06T21:09:18.359-0800][1792.518s] GC(11)   Other: 0.2ms
[2021-04-06T21:09:18.359-0800][1792.518s] GC(11) Eden regions: 290->0(270)
[2021-04-06T21:09:18.359-0800][1792.518s] GC(11) Survivor regions: 17->37(39)
[2021-04-06T21:09:18.359-0800][1792.518s] GC(11) Old regions: 26->26
[2021-04-06T21:09:18.359-0800][1792.518s] GC(11) Archive regions: 2->2
[2021-04-06T21:09:18.359-0800][1792.518s] GC(11) Humongous regions: 44->9
[2021-04-06T21:09:18.359-0800][1792.518s] GC(11) Metaspace: 50807K(52264K)->50807K(52264K) NonClass: 44878K(45744K)->44878K(45744K) Class: 5929K(6520K)->5929K(6520K)
[2021-04-06T21:09:18.359-0800][1792.518s] GC(11) Pause Young (Normal) (G1 Evacuation Pause) 376M->72M(512M) 17.677ms
[2021-04-06T21:09:18.359-0800][1792.518s] GC(11) User=0.05s Sys=0.01s Real=0.01s
[2021-04-06T21:09:22.350-0800][1796.509s] GC(12) Pause Young (Normal) (G1 Evacuation Pause)
[2021-04-06T21:09:22.350-0800][1796.509s] GC(12) Using 4 workers of 4 for evacuation
[2021-04-06T21:09:22.373-0800][1796.532s] GC(12)   Pre Evacuate Collection Set: 0.1ms
[2021-04-06T21:09:22.373-0800][1796.532s] GC(12)   Merge Heap Roots: 0.1ms
[2021-04-06T21:09:22.373-0800][1796.532s] GC(12)   Evacuate Collection Set: 21.7ms
[2021-04-06T21:09:22.373-0800][1796.532s] GC(12)   Post Evacuate Collection Set: 0.9ms
[2021-04-06T21:09:22.373-0800][1796.532s] GC(12)   Other: 0.2ms
[2021-04-06T21:09:22.373-0800][1796.532s] GC(12) Eden regions: 270->0(286)
[2021-04-06T21:09:22.373-0800][1796.532s] GC(12) Survivor regions: 37->21(39)
[2021-04-06T21:09:22.373-0800][1796.532s] GC(12) Old regions: 26->54
[2021-04-06T21:09:22.373-0800][1796.532s] GC(12) Archive regions: 2->2
[2021-04-06T21:09:22.373-0800][1796.532s] GC(12) Humongous regions: 34->10
[2021-04-06T21:09:22.373-0800][1796.532s] GC(12) Metaspace: 51698K(53416K)->51698K(53416K) NonClass: 45686K(46768K)->45686K(46768K) Class: 6011K(6648K)->6011K(6648K)
[2021-04-06T21:09:22.373-0800][1796.532s] GC(12) Pause Young (Normal) (G1 Evacuation Pause) 367M->85M(512M) 22.988ms
[2021-04-06T21:09:22.373-0800][1796.532s] GC(12) User=0.07s Sys=0.02s Real=0.02s
[2021-04-06T21:38:11.415-0800][3525.523s] GC(13) Pause Young (Normal) (G1 Evacuation Pause)
[2021-04-06T21:38:11.415-0800][3525.523s] GC(13) Using 4 workers of 4 for evacuation
[2021-04-06T21:38:11.495-0800][3525.602s] GC(13)   Pre Evacuate Collection Set: 0.1ms
[2021-04-06T21:38:11.495-0800][3525.602s] GC(13)   Merge Heap Roots: 0.1ms
[2021-04-06T21:38:11.495-0800][3525.602s] GC(13)   Evacuate Collection Set: 78.4ms
[2021-04-06T21:38:11.495-0800][3525.602s] GC(13)   Post Evacuate Collection Set: 0.7ms
[2021-04-06T21:38:11.495-0800][3525.602s] GC(13)   Other: 0.3ms
[2021-04-06T21:38:11.495-0800][3525.602s] GC(13) Eden regions: 286->0(280)
[2021-04-06T21:38:11.495-0800][3525.602s] GC(13) Survivor regions: 21->27(39)
[2021-04-06T21:38:11.495-0800][3525.602s] GC(13) Old regions: 54->54
[2021-04-06T21:38:11.495-0800][3525.602s] GC(13) Archive regions: 2->2
[2021-04-06T21:38:11.495-0800][3525.602s] GC(13) Humongous regions: 10->10
[2021-04-06T21:38:11.495-0800][3525.602s] GC(13) Metaspace: 54296K(55976K)->54296K(55976K) NonClass: 47982K(49072K)->47982K(49072K) Class: 6314K(6904K)->6314K(6904K)
[2021-04-06T21:38:11.495-0800][3525.602s] GC(13) Pause Young (Normal) (G1 Evacuation Pause) 371M->91M(512M) 79.779ms
[2021-04-06T21:38:11.495-0800][3525.602s] GC(13) User=0.18s Sys=0.12s Real=0.08s
[2021-04-06T21:39:10.949-0800][3585.055s] GC(14) Pause Young (Normal) (G1 Evacuation Pause)
[2021-04-06T21:39:10.949-0800][3585.055s] GC(14) Using 4 workers of 4 for evacuation
[2021-04-06T21:39:10.971-0800][3585.076s] GC(14)   Pre Evacuate Collection Set: 0.1ms
[2021-04-06T21:39:10.971-0800][3585.076s] GC(14)   Merge Heap Roots: 0.1ms
[2021-04-06T21:39:10.971-0800][3585.076s] GC(14)   Evacuate Collection Set: 20.6ms
[2021-04-06T21:39:10.971-0800][3585.076s] GC(14)   Post Evacuate Collection Set: 0.7ms
[2021-04-06T21:39:10.971-0800][3585.076s] GC(14)   Other: 0.2ms
[2021-04-06T21:39:10.971-0800][3585.076s] GC(14) Eden regions: 280->0(274)
[2021-04-06T21:39:10.971-0800][3585.076s] GC(14) Survivor regions: 27->33(39)
[2021-04-06T21:39:10.971-0800][3585.076s] GC(14) Old regions: 54->72
[2021-04-06T21:39:10.971-0800][3585.076s] GC(14) Archive regions: 2->2
[2021-04-06T21:39:10.971-0800][3585.076s] GC(14) Humongous regions: 43->11
[2021-04-06T21:39:10.971-0800][3585.076s] GC(14) Metaspace: 54307K(55976K)->54307K(55976K) NonClass: 47992K(49072K)->47992K(49072K) Class: 6314K(6904K)->6314K(6904K)
[2021-04-06T21:39:10.971-0800][3585.076s] GC(14) Pause Young (Normal) (G1 Evacuation Pause) 404M->116M(512M) 21.741ms
[2021-04-06T21:39:10.971-0800][3585.076s] GC(14) User=0.05s Sys=0.02s Real=0.03s
[2021-04-06T21:39:14.778-0800][3588.883s] GC(15) Pause Young (Normal) (G1 Evacuation Pause)
[2021-04-06T21:39:14.778-0800][3588.883s] GC(15) Using 4 workers of 4 for evacuation
[2021-04-06T21:39:14.798-0800][3588.903s] GC(15)   Pre Evacuate Collection Set: 0.0ms
[2021-04-06T21:39:14.798-0800][3588.903s] GC(15)   Merge Heap Roots: 0.1ms
[2021-04-06T21:39:14.798-0800][3588.903s] GC(15)   Evacuate Collection Set: 19.2ms
[2021-04-06T21:39:14.798-0800][3588.903s] GC(15)   Post Evacuate Collection Set: 0.5ms
[2021-04-06T21:39:14.798-0800][3588.903s] GC(15)   Other: 0.2ms
[2021-04-06T21:39:14.798-0800][3588.903s] GC(15) Eden regions: 274->0(271)
[2021-04-06T21:39:14.798-0800][3588.903s] GC(15) Survivor regions: 33->22(39)
[2021-04-06T21:39:14.798-0800][3588.903s] GC(15) Old regions: 72->98
[2021-04-06T21:39:14.798-0800][3588.903s] GC(15) Archive regions: 2->2
[2021-04-06T21:39:14.798-0800][3588.903s] GC(15) Humongous regions: 40->13
[2021-04-06T21:39:14.798-0800][3588.903s] GC(15) Metaspace: 54333K(55976K)->54333K(55976K) NonClass: 48018K(49072K)->48018K(49072K) Class: 6314K(6904K)->6314K(6904K)
[2021-04-06T21:39:14.798-0800][3588.903s] GC(15) Pause Young (Normal) (G1 Evacuation Pause) 419M->132M(512M) 20.162ms
[2021-04-06T21:39:14.798-0800][3588.903s] GC(15) User=0.05s Sys=0.02s Real=0.02s
[2021-04-06T21:43:39.325-0800][3853.423s] GC(16) Pause Young (Normal) (G1 Evacuation Pause)
[2021-04-06T21:43:39.325-0800][3853.423s] GC(16) Using 4 workers of 4 for evacuation
[2021-04-06T21:43:39.336-0800][3853.434s] GC(16)   Pre Evacuate Collection Set: 0.1ms
[2021-04-06T21:43:39.336-0800][3853.434s] GC(16)   Merge Heap Roots: 0.1ms
[2021-04-06T21:43:39.336-0800][3853.434s] GC(16)   Evacuate Collection Set: 10.3ms
[2021-04-06T21:43:39.336-0800][3853.434s] GC(16)   Post Evacuate Collection Set: 0.5ms
[2021-04-06T21:43:39.337-0800][3853.434s] GC(16)   Other: 0.2ms
[2021-04-06T21:43:39.337-0800][3853.434s] GC(16) Eden regions: 271->0(268)
[2021-04-06T21:43:39.337-0800][3853.434s] GC(16) Survivor regions: 22->11(37)
[2021-04-06T21:43:39.337-0800][3853.434s] GC(16) Old regions: 98->117
[2021-04-06T21:43:39.337-0800][3853.434s] GC(16) Archive regions: 2->2
[2021-04-06T21:43:39.337-0800][3853.434s] GC(16) Humongous regions: 16->13
[2021-04-06T21:43:39.337-0800][3853.434s] GC(16) Metaspace: 54433K(55976K)->54433K(55976K) NonClass: 48117K(49072K)->48117K(49072K) Class: 6315K(6904K)->6315K(6904K)
[2021-04-06T21:43:39.337-0800][3853.434s] GC(16) Pause Young (Normal) (G1 Evacuation Pause) 406M->141M(512M) 11.413ms
[2021-04-06T21:43:39.337-0800][3853.434s] GC(16) User=0.03s Sys=0.00s Real=0.01s
[2021-04-06T21:43:42.455-0800][3856.553s] GC(17) Pause Young (Normal) (G1 Evacuation Pause)
[2021-04-06T21:43:42.455-0800][3856.553s] GC(17) Using 4 workers of 4 for evacuation
[2021-04-06T21:43:42.465-0800][3856.562s] GC(17)   Pre Evacuate Collection Set: 0.1ms
[2021-04-06T21:43:42.465-0800][3856.562s] GC(17)   Merge Heap Roots: 0.1ms
[2021-04-06T21:43:42.465-0800][3856.562s] GC(17)   Evacuate Collection Set: 8.2ms
[2021-04-06T21:43:42.465-0800][3856.562s] GC(17)   Post Evacuate Collection Set: 0.7ms
[2021-04-06T21:43:42.465-0800][3856.562s] GC(17)   Other: 0.2ms
[2021-04-06T21:43:42.465-0800][3856.562s] GC(17) Eden regions: 268->0(242)
[2021-04-06T21:43:42.465-0800][3856.562s] GC(17) Survivor regions: 11->34(35)
[2021-04-06T21:43:42.465-0800][3856.562s] GC(17) Old regions: 117->117
[2021-04-06T21:43:42.465-0800][3856.562s] GC(17) Archive regions: 2->2
[2021-04-06T21:43:42.465-0800][3856.562s] GC(17) Humongous regions: 49->15
[2021-04-06T21:43:42.465-0800][3856.562s] GC(17) Metaspace: 54433K(55976K)->54433K(55976K) NonClass: 48117K(49072K)->48117K(49072K) Class: 6315K(6904K)->6315K(6904K)
[2021-04-06T21:43:42.465-0800][3856.562s] GC(17) Pause Young (Normal) (G1 Evacuation Pause) 445M->165M(512M) 9.416ms
[2021-04-06T21:43:42.465-0800][3856.562s] GC(17) User=0.04s Sys=0.00s Real=0.01s
[2021-04-06T21:43:45.388-0800][3859.486s] GC(18) Pause Young (Normal) (G1 Evacuation Pause)
[2021-04-06T21:43:45.388-0800][3859.486s] GC(18) Using 4 workers of 4 for evacuation
[2021-04-06T21:43:45.400-0800][3859.498s] GC(18)   Pre Evacuate Collection Set: 0.1ms
[2021-04-06T21:43:45.400-0800][3859.498s] GC(18)   Merge Heap Roots: 0.1ms
[2021-04-06T21:43:45.400-0800][3859.498s] GC(18)   Evacuate Collection Set: 11.4ms
[2021-04-06T21:43:45.400-0800][3859.498s] GC(18)   Post Evacuate Collection Set: 0.5ms
[2021-04-06T21:43:45.401-0800][3859.498s] GC(18)   Other: 0.2ms
[2021-04-06T21:43:45.401-0800][3859.498s] GC(18) Eden regions: 242->0(230)
[2021-04-06T21:43:45.401-0800][3859.498s] GC(18) Survivor regions: 34->20(35)
[2021-04-06T21:43:45.401-0800][3859.498s] GC(18) Old regions: 117->143
[2021-04-06T21:43:45.401-0800][3859.498s] GC(18) Archive regions: 2->2
[2021-04-06T21:43:45.401-0800][3859.498s] GC(18) Humongous regions: 38->16
[2021-04-06T21:43:45.401-0800][3859.498s] GC(18) Metaspace: 54452K(55976K)->54452K(55976K) NonClass: 48137K(49072K)->48137K(49072K) Class: 6315K(6904K)->6315K(6904K)
[2021-04-06T21:43:45.401-0800][3859.498s] GC(18) Pause Young (Normal) (G1 Evacuation Pause) 430M->179M(512M) 12.420ms
[2021-04-06T21:43:45.401-0800][3859.498s] GC(18) User=0.04s Sys=0.00s Real=0.02s
[2021-04-06T21:50:59.889-0800][4293.973s] GC(19) Pause Young (Normal) (G1 Evacuation Pause)
[2021-04-06T21:50:59.889-0800][4293.973s] GC(19) Using 4 workers of 4 for evacuation
[2021-04-06T21:50:59.899-0800][4293.984s] GC(19)   Pre Evacuate Collection Set: 0.1ms
[2021-04-06T21:50:59.899-0800][4293.984s] GC(19)   Merge Heap Roots: 0.1ms
[2021-04-06T21:50:59.899-0800][4293.984s] GC(19)   Evacuate Collection Set: 9.5ms
[2021-04-06T21:50:59.899-0800][4293.984s] GC(19)   Post Evacuate Collection Set: 0.7ms
[2021-04-06T21:50:59.899-0800][4293.984s] GC(19)   Other: 0.3ms
[2021-04-06T21:50:59.899-0800][4293.984s] GC(19) Eden regions: 230->0(224)
[2021-04-06T21:50:59.899-0800][4293.984s] GC(19) Survivor regions: 20->12(32)
[2021-04-06T21:50:59.899-0800][4293.984s] GC(19) Old regions: 143->161
[2021-04-06T21:50:59.899-0800][4293.984s] GC(19) Archive regions: 2->2
[2021-04-06T21:50:59.899-0800][4293.984s] GC(19) Humongous regions: 23->16
[2021-04-06T21:50:59.899-0800][4293.984s] GC(19) Metaspace: 54578K(56232K)->54578K(56232K) NonClass: 48259K(49328K)->48259K(49328K) Class: 6319K(6904K)->6319K(6904K)
[2021-04-06T21:50:59.899-0800][4293.984s] GC(19) Pause Young (Normal) (G1 Evacuation Pause) 416M->189M(512M) 10.910ms
[2021-04-06T21:50:59.900-0800][4293.984s] GC(19) User=0.04s Sys=0.01s Real=0.02s
[2021-04-06T21:51:05.390-0800][4299.474s] GC(20) Pause Young (Normal) (G1 Evacuation Pause)
[2021-04-06T21:51:05.390-0800][4299.474s] GC(20) Using 4 workers of 4 for evacuation
[2021-04-06T21:51:05.398-0800][4299.482s] GC(20)   Pre Evacuate Collection Set: 0.0ms
[2021-04-06T21:51:05.398-0800][4299.482s] GC(20)   Merge Heap Roots: 0.0ms
[2021-04-06T21:51:05.398-0800][4299.482s] GC(20)   Evacuate Collection Set: 7.1ms
[2021-04-06T21:51:05.398-0800][4299.482s] GC(20)   Post Evacuate Collection Set: 0.6ms
[2021-04-06T21:51:05.398-0800][4299.482s] GC(20)   Other: 0.2ms
[2021-04-06T21:51:05.398-0800][4299.482s] GC(20) Eden regions: 224->0(203)
[2021-04-06T21:51:05.398-0800][4299.482s] GC(20) Survivor regions: 12->30(30)
[2021-04-06T21:51:05.398-0800][4299.482s] GC(20) Old regions: 161->162
[2021-04-06T21:51:05.398-0800][4299.482s] GC(20) Archive regions: 2->2
[2021-04-06T21:51:05.398-0800][4299.482s] GC(20) Humongous regions: 47->18
[2021-04-06T21:51:05.398-0800][4299.482s] GC(20) Metaspace: 54579K(56232K)->54579K(56232K) NonClass: 48260K(49328K)->48260K(49328K) Class: 6319K(6904K)->6319K(6904K)
[2021-04-06T21:51:05.398-0800][4299.483s] GC(20) Pause Young (Normal) (G1 Evacuation Pause) 444M->209M(512M) 8.266ms
[2021-04-06T21:51:05.398-0800][4299.483s] GC(20) User=0.03s Sys=0.00s Real=0.00s
[2021-04-06T21:51:09.687-0800][4303.772s] GC(21) Pause Young (Normal) (G1 Evacuation Pause)
[2021-04-06T21:51:09.688-0800][4303.772s] GC(21) Using 4 workers of 4 for evacuation
[2021-04-06T21:51:09.697-0800][4303.781s] GC(21)   Pre Evacuate Collection Set: 0.0ms
[2021-04-06T21:51:09.697-0800][4303.782s] GC(21)   Merge Heap Roots: 0.1ms
[2021-04-06T21:51:09.697-0800][4303.782s] GC(21)   Evacuate Collection Set: 9.0ms
[2021-04-06T21:51:09.697-0800][4303.782s] GC(21)   Post Evacuate Collection Set: 0.6ms
[2021-04-06T21:51:09.697-0800][4303.782s] GC(21)   Other: 0.2ms
[2021-04-06T21:51:09.697-0800][4303.782s] GC(21) Eden regions: 203->0(188)
[2021-04-06T21:51:09.698-0800][4303.782s] GC(21) Survivor regions: 30->22(30)
[2021-04-06T21:51:09.698-0800][4303.782s] GC(21) Old regions: 162->184
[2021-04-06T21:51:09.698-0800][4303.782s] GC(21) Archive regions: 2->2
[2021-04-06T21:51:09.698-0800][4303.782s] GC(21) Humongous regions: 42->19
[2021-04-06T21:51:09.698-0800][4303.782s] GC(21) Metaspace: 54590K(56232K)->54590K(56232K) NonClass: 48271K(49328K)->48271K(49328K) Class: 6319K(6904K)->6319K(6904K)
[2021-04-06T21:51:09.698-0800][4303.782s] GC(21) Pause Young (Normal) (G1 Evacuation Pause) 436M->224M(512M) 10.097ms
[2021-04-06T21:51:09.698-0800][4303.782s] GC(21) User=0.03s Sys=0.00s Real=0.01s
[2021-04-06T21:52:25.660-0800][4379.742s] GC(22) Pause Young (Normal) (G1 Evacuation Pause)
[2021-04-06T21:52:25.660-0800][4379.742s] GC(22) Using 4 workers of 4 for evacuation
[2021-04-06T21:52:25.667-0800][4379.749s] GC(22)   Pre Evacuate Collection Set: 0.1ms
[2021-04-06T21:52:25.667-0800][4379.749s] GC(22)   Merge Heap Roots: 0.1ms
[2021-04-06T21:52:25.667-0800][4379.749s] GC(22)   Evacuate Collection Set: 5.9ms
[2021-04-06T21:52:25.667-0800][4379.749s] GC(22)   Post Evacuate Collection Set: 1.0ms
[2021-04-06T21:52:25.667-0800][4379.749s] GC(22)   Other: 0.2ms
[2021-04-06T21:52:25.667-0800][4379.749s] GC(22) Eden regions: 188->0(196)
[2021-04-06T21:52:25.667-0800][4379.749s] GC(22) Survivor regions: 22->3(27)
[2021-04-06T21:52:25.667-0800][4379.749s] GC(22) Old regions: 184->202
[2021-04-06T21:52:25.667-0800][4379.749s] GC(22) Archive regions: 2->2
[2021-04-06T21:52:25.667-0800][4379.749s] GC(22) Humongous regions: 19->19
[2021-04-06T21:52:25.667-0800][4379.749s] GC(22) Metaspace: 54788K(56488K)->54788K(56488K) NonClass: 48443K(49584K)->48443K(49584K) Class: 6344K(6904K)->6344K(6904K)
[2021-04-06T21:52:25.667-0800][4379.749s] GC(22) Pause Young (Normal) (G1 Evacuation Pause) 412M->224M(512M) 7.599ms
[2021-04-06T21:52:25.668-0800][4379.749s] GC(22) User=0.02s Sys=0.00s Real=0.00s
[2021-04-06T21:53:28.225-0800][4442.304s] GC(23) Pause Young (Concurrent Start) (G1 Humongous Allocation)
[2021-04-06T21:53:28.225-0800][4442.305s] GC(23) Using 4 workers of 4 for evacuation
[2021-04-06T21:53:28.233-0800][4442.313s] GC(23)   Pre Evacuate Collection Set: 0.2ms
[2021-04-06T21:53:28.233-0800][4442.313s] GC(23)   Merge Heap Roots: 0.1ms
[2021-04-06T21:53:28.233-0800][4442.313s] GC(23)   Evacuate Collection Set: 7.3ms
[2021-04-06T21:53:28.233-0800][4442.313s] GC(23)   Post Evacuate Collection Set: 0.5ms
[2021-04-06T21:53:28.233-0800][4442.313s] GC(23)   Other: 0.2ms
[2021-04-06T21:53:28.233-0800][4442.313s] GC(23) Eden regions: 161->0(186)
[2021-04-06T21:53:28.233-0800][4442.313s] GC(23) Survivor regions: 3->14(25)
[2021-04-06T21:53:28.233-0800][4442.313s] GC(23) Old regions: 202->202
[2021-04-06T21:53:28.233-0800][4442.313s] GC(23) Archive regions: 2->2
[2021-04-06T21:53:28.233-0800][4442.313s] GC(23) Humongous regions: 26->19
[2021-04-06T21:53:28.233-0800][4442.313s] GC(23) Metaspace: 54857K(56488K)->54857K(56488K) NonClass: 48509K(49584K)->48509K(49584K) Class: 6347K(6904K)->6347K(6904K)
[2021-04-06T21:53:28.233-0800][4442.313s] GC(23) Pause Young (Concurrent Start) (G1 Humongous Allocation) 392M->235M(512M) 8.678ms
[2021-04-06T21:53:28.233-0800][4442.313s] GC(23) User=0.03s Sys=0.00s Real=0.01s
[2021-04-06T21:53:28.233-0800][4442.313s] GC(24) Concurrent Cycle
[2021-04-06T21:53:28.233-0800][4442.313s] GC(24) Concurrent Clear Claimed Marks
[2021-04-06T21:53:28.233-0800][4442.313s] GC(24) Concurrent Clear Claimed Marks 0.121ms
[2021-04-06T21:53:28.233-0800][4442.313s] GC(24) Concurrent Scan Root Regions
[2021-04-06T21:53:28.241-0800][4442.321s] GC(24) Concurrent Scan Root Regions 7.850ms
[2021-04-06T21:53:28.241-0800][4442.321s] GC(24) Concurrent Mark (4442.321s)
[2021-04-06T21:53:28.241-0800][4442.321s] GC(24) Concurrent Mark From Roots
[2021-04-06T21:53:28.241-0800][4442.321s] GC(24) Using 1 workers of 1 for marking
[2021-04-06T21:53:28.305-0800][4442.385s] GC(24) Concurrent Mark From Roots 63.978ms
[2021-04-06T21:53:28.305-0800][4442.385s] GC(24) Concurrent Preclean
[2021-04-06T21:53:28.306-0800][4442.385s] GC(24) Concurrent Preclean 0.151ms
[2021-04-06T21:53:28.306-0800][4442.386s] GC(24) Concurrent Mark (4442.321s, 4442.386s) 64.212ms
[2021-04-06T21:53:28.306-0800][4442.386s] GC(24) Pause Remark
[2021-04-06T21:53:28.322-0800][4442.401s] GC(24) Pause Remark 240M->116M(512M) 15.790ms
[2021-04-06T21:53:28.322-0800][4442.402s] GC(24) User=0.06s Sys=0.00s Real=0.02s
[2021-04-06T21:53:28.322-0800][4442.402s] GC(24) Concurrent Rebuild Remembered Sets
[2021-04-06T21:53:28.370-0800][4442.450s] GC(24) Concurrent Rebuild Remembered Sets 48.537ms
[2021-04-06T21:53:28.371-0800][4442.451s] GC(24) Pause Cleanup
[2021-04-06T21:53:28.371-0800][4442.451s] GC(24) Pause Cleanup 121M->121M(512M) 0.170ms
[2021-04-06T21:53:28.371-0800][4442.451s] GC(24) User=0.00s Sys=0.00s Real=0.00s
[2021-04-06T21:53:28.371-0800][4442.451s] GC(24) Concurrent Cleanup for Next Mark
[2021-04-06T21:53:28.372-0800][4442.452s] GC(24) Concurrent Cleanup for Next Mark 1.413ms
[2021-04-06T21:53:28.372-0800][4442.452s] GC(24) Concurrent Cycle 139.070ms
[2021-04-06T21:53:30.402-0800][4444.481s] GC(25) Pause Young (Prepare Mixed) (G1 Evacuation Pause)
[2021-04-06T21:53:30.402-0800][4444.482s] GC(25) Using 4 workers of 4 for evacuation
[2021-04-06T21:53:30.411-0800][4444.491s] GC(25)   Pre Evacuate Collection Set: 0.1ms
[2021-04-06T21:53:30.411-0800][4444.491s] GC(25)   Merge Heap Roots: 0.1ms
[2021-04-06T21:53:30.411-0800][4444.491s] GC(25)   Evacuate Collection Set: 6.6ms
[2021-04-06T21:53:30.411-0800][4444.491s] GC(25)   Post Evacuate Collection Set: 2.2ms
[2021-04-06T21:53:30.411-0800][4444.491s] GC(25)   Other: 0.3ms
[2021-04-06T21:53:30.411-0800][4444.491s] GC(25) Eden regions: 186->0(1)
[2021-04-06T21:53:30.411-0800][4444.491s] GC(25) Survivor regions: 14->25(25)
[2021-04-06T21:53:30.411-0800][4444.491s] GC(25) Old regions: 90->94
[2021-04-06T21:53:30.411-0800][4444.491s] GC(25) Archive regions: 2->2
[2021-04-06T21:53:30.411-0800][4444.491s] GC(25) Humongous regions: 32->8
[2021-04-06T21:53:30.411-0800][4444.491s] GC(25) Metaspace: 54787K(56488K)->54787K(56488K) NonClass: 48449K(49584K)->48449K(49584K) Class: 6337K(6904K)->6337K(6904K)
[2021-04-06T21:53:30.411-0800][4444.491s] GC(25) Pause Young (Prepare Mixed) (G1 Evacuation Pause) 322M->127M(512M) 9.254ms
[2021-04-06T21:53:30.411-0800][4444.491s] GC(25) User=0.03s Sys=0.00s Real=0.01s
[2021-04-06T21:53:30.429-0800][4444.509s] GC(26) Pause Young (Mixed) (G1 Evacuation Pause)
[2021-04-06T21:53:30.429-0800][4444.509s] GC(26) Using 4 workers of 4 for evacuation
[2021-04-06T21:53:30.445-0800][4444.524s] GC(26)   Pre Evacuate Collection Set: 0.2ms
[2021-04-06T21:53:30.445-0800][4444.525s] GC(26)   Merge Heap Roots: 0.2ms
[2021-04-06T21:53:30.445-0800][4444.525s] GC(26)   Evacuate Collection Set: 14.5ms
[2021-04-06T21:53:30.445-0800][4444.525s] GC(26)   Post Evacuate Collection Set: 0.5ms
[2021-04-06T21:53:30.445-0800][4444.525s] GC(26)   Other: 0.3ms
[2021-04-06T21:53:30.445-0800][4444.525s] GC(26) Eden regions: 1->0(305)
[2021-04-06T21:53:30.445-0800][4444.525s] GC(26) Survivor regions: 25->2(4)
[2021-04-06T21:53:30.445-0800][4444.525s] GC(26) Old regions: 94->75
[2021-04-06T21:53:30.445-0800][4444.525s] GC(26) Archive regions: 2->2
[2021-04-06T21:53:30.445-0800][4444.525s] GC(26) Humongous regions: 8->8
[2021-04-06T21:53:30.445-0800][4444.525s] GC(26) Metaspace: 54787K(56488K)->54787K(56488K) NonClass: 48449K(49584K)->48449K(49584K) Class: 6337K(6904K)->6337K(6904K)
[2021-04-06T21:53:30.445-0800][4444.525s] GC(26) Pause Young (Mixed) (G1 Evacuation Pause) 128M->85M(512M) 15.904ms
[2021-04-06T21:53:30.445-0800][4444.525s] GC(26) User=0.06s Sys=0.01s Real=0.02s
[2021-04-06T21:53:33.915-0800][4447.995s] GC(27) Pause Young (Normal) (G1 Evacuation Pause)
[2021-04-06T21:53:33.915-0800][4447.995s] GC(27) Using 4 workers of 4 for evacuation
[2021-04-06T21:53:33.920-0800][4448.000s] GC(27)   Pre Evacuate Collection Set: 0.1ms
[2021-04-06T21:53:33.920-0800][4448.000s] GC(27)   Merge Heap Roots: 0.1ms
[2021-04-06T21:53:33.920-0800][4448.000s] GC(27)   Evacuate Collection Set: 4.7ms
[2021-04-06T21:53:33.920-0800][4448.000s] GC(27)   Post Evacuate Collection Set: 0.4ms
[2021-04-06T21:53:33.920-0800][4448.000s] GC(27)   Other: 0.2ms
[2021-04-06T21:53:33.920-0800][4448.000s] GC(27) Eden regions: 305->0(283)
[2021-04-06T21:53:33.920-0800][4448.000s] GC(27) Survivor regions: 2->24(39)
[2021-04-06T21:53:33.920-0800][4448.000s] GC(27) Old regions: 75->75
[2021-04-06T21:53:33.920-0800][4448.000s] GC(27) Archive regions: 2->2
[2021-04-06T21:53:33.920-0800][4448.000s] GC(27) Humongous regions: 38->10
[2021-04-06T21:53:33.920-0800][4448.000s] GC(27) Metaspace: 54793K(56488K)->54793K(56488K) NonClass: 48456K(49584K)->48456K(49584K) Class: 6337K(6904K)->6337K(6904K)
[2021-04-06T21:53:33.921-0800][4448.000s] GC(27) Pause Young (Normal) (G1 Evacuation Pause) 420M->109M(512M) 5.728ms
[2021-04-06T21:53:33.921-0800][4448.000s] GC(27) User=0.02s Sys=0.00s Real=0.01s
