[2021-04-06T01:22:01.388-0800][0.030s] Heap region size: 1M
[2021-04-06T01:22:01.389-0800][0.030s] Heap address: 0x00000007e0000000, size: 512 MB, Compressed Oops mode: Zero based, Oop shift amount: 3
[2021-04-06T01:22:01.769-0800][0.410s] Using G1
[2021-04-06T01:22:01.770-0800][0.411s] Mark closed archive regions in map: [0x00000007fff00000, 0x00000007fff7aff8]
[2021-04-06T01:22:01.770-0800][0.411s] Mark open archive regions in map: [0x00000007ffe00000, 0x00000007ffe50ff8]
[2021-04-06T01:22:01.797-0800][0.439s] Periodic GC disabled
[2021-04-06T01:22:02.655-0800][1.297s] GC(0) Pause Young (Normal) (G1 Evacuation Pause)
[2021-04-06T01:22:02.655-0800][1.297s] GC(0) Using 4 workers of 4 for evacuation
[2021-04-06T01:22:02.661-0800][1.302s] GC(0)   Pre Evacuate Collection Set: 0.3ms
[2021-04-06T01:22:02.661-0800][1.302s] GC(0)   Merge Heap Roots: 0.1ms
[2021-04-06T01:22:02.661-0800][1.302s] GC(0)   Evacuate Collection Set: 4.0ms
[2021-04-06T01:22:02.661-0800][1.302s] GC(0)   Post Evacuate Collection Set: 0.4ms
[2021-04-06T01:22:02.661-0800][1.302s] GC(0)   Other: 1.0ms
[2021-04-06T01:22:02.661-0800][1.302s] GC(0) Eden regions: 25->0(37)
[2021-04-06T01:22:02.661-0800][1.302s] GC(0) Survivor regions: 0->3(4)
[2021-04-06T01:22:02.661-0800][1.302s] GC(0) Old regions: 0->0
[2021-04-06T01:22:02.661-0800][1.303s] GC(0) Archive regions: 2->2
[2021-04-06T01:22:02.661-0800][1.303s] GC(0) Humongous regions: 0->0
[2021-04-06T01:22:02.661-0800][1.303s] GC(0) Metaspace: 5146K(7040K)->5146K(7040K) NonClass: 4537K(6144K)->4537K(6144K) Class: 608K(896K)->608K(896K)
[2021-04-06T01:22:02.661-0800][1.303s] GC(0) Pause Young (Normal) (G1 Evacuation Pause) 25M->3M(512M) 6.017ms
[2021-04-06T01:22:02.661-0800][1.303s] GC(0) User=0.01s Sys=0.00s Real=0.01s
[2021-04-06T01:22:08.455-0800][7.096s] GC(1) Pause Young (Normal) (G1 Evacuation Pause)
[2021-04-06T01:22:08.455-0800][7.096s] GC(1) Using 4 workers of 4 for evacuation
[2021-04-06T01:22:08.469-0800][7.111s] GC(1)   Pre Evacuate Collection Set: 0.1ms
[2021-04-06T01:22:08.469-0800][7.111s] GC(1)   Merge Heap Roots: 0.1ms
[2021-04-06T01:22:08.469-0800][7.111s] GC(1)   Evacuate Collection Set: 13.5ms
[2021-04-06T01:22:08.469-0800][7.111s] GC(1)   Post Evacuate Collection Set: 0.4ms
[2021-04-06T01:22:08.469-0800][7.111s] GC(1)   Other: 0.2ms
[2021-04-06T01:22:08.469-0800][7.111s] GC(1) Eden regions: 37->0(274)
[2021-04-06T01:22:08.469-0800][7.111s] GC(1) Survivor regions: 3->5(5)
[2021-04-06T01:22:08.469-0800][7.111s] GC(1) Old regions: 0->6
[2021-04-06T01:22:08.469-0800][7.111s] GC(1) Archive regions: 2->2
[2021-04-06T01:22:08.469-0800][7.111s] GC(1) Humongous regions: 4->4
[2021-04-06T01:22:08.469-0800][7.111s] GC(1) Metaspace: 10760K(11264K)->10760K(11264K) NonClass: 9441K(9728K)->9441K(9728K) Class: 1319K(1536K)->1319K(1536K)
[2021-04-06T01:22:08.469-0800][7.111s] GC(1) Pause Young (Normal) (G1 Evacuation Pause) 44M->14M(512M) 14.497ms
[2021-04-06T01:22:08.469-0800][7.111s] GC(1) User=0.04s Sys=0.00s Real=0.01s
[2021-04-06T01:22:09.767-0800][8.409s] GC(2) Pause Young (Concurrent Start) (Metadata GC Threshold)
[2021-04-06T01:22:09.767-0800][8.409s] GC(2) Using 4 workers of 4 for evacuation
[2021-04-06T01:22:09.779-0800][8.420s] GC(2)   Pre Evacuate Collection Set: 0.1ms
[2021-04-06T01:22:09.779-0800][8.420s] GC(2)   Merge Heap Roots: 0.0ms
[2021-04-06T01:22:09.779-0800][8.420s] GC(2)   Evacuate Collection Set: 9.8ms
[2021-04-06T01:22:09.779-0800][8.420s] GC(2)   Post Evacuate Collection Set: 0.9ms
[2021-04-06T01:22:09.779-0800][8.420s] GC(2)   Other: 0.6ms
[2021-04-06T01:22:09.779-0800][8.420s] GC(2) Eden regions: 77->0(75)
[2021-04-06T01:22:09.779-0800][8.420s] GC(2) Survivor regions: 5->14(35)
[2021-04-06T01:22:09.779-0800][8.420s] GC(2) Old regions: 6->6
[2021-04-06T01:22:09.779-0800][8.420s] GC(2) Archive regions: 2->2
[2021-04-06T01:22:09.779-0800][8.420s] GC(2) Humongous regions: 4->4
[2021-04-06T01:22:09.779-0800][8.420s] GC(2) Metaspace: 20384K(21296K)->20384K(21296K) NonClass: 18012K(18608K)->18012K(18608K) Class: 2372K(2688K)->2372K(2688K)
[2021-04-06T01:22:09.779-0800][8.420s] GC(2) Pause Young (Concurrent Start) (Metadata GC Threshold) 91M->23M(512M) 11.653ms
[2021-04-06T01:22:09.779-0800][8.420s] GC(2) User=0.04s Sys=0.00s Real=0.01s
[2021-04-06T01:22:09.779-0800][8.420s] GC(3) Concurrent Cycle
[2021-04-06T01:22:09.779-0800][8.420s] GC(3) Concurrent Clear Claimed Marks
[2021-04-06T01:22:09.779-0800][8.420s] GC(3) Concurrent Clear Claimed Marks 0.038ms
[2021-04-06T01:22:09.779-0800][8.420s] GC(3) Concurrent Scan Root Regions
[2021-04-06T01:22:09.790-0800][8.431s] GC(3) Concurrent Scan Root Regions 10.762ms
[2021-04-06T01:22:09.790-0800][8.431s] GC(3) Concurrent Mark (8.431s)
[2021-04-06T01:22:09.790-0800][8.431s] GC(3) Concurrent Mark From Roots
[2021-04-06T01:22:09.790-0800][8.431s] GC(3) Using 1 workers of 1 for marking
[2021-04-06T01:22:09.816-0800][8.458s] GC(3) Concurrent Mark From Roots 26.640ms
[2021-04-06T01:22:09.817-0800][8.458s] GC(3) Concurrent Preclean
[2021-04-06T01:22:09.817-0800][8.458s] GC(3) Concurrent Preclean 0.032ms
[2021-04-06T01:22:09.817-0800][8.458s] GC(3) Concurrent Mark (8.431s, 8.458s) 26.798ms
[2021-04-06T01:22:09.817-0800][8.458s] GC(3) Pause Remark
[2021-04-06T01:22:09.819-0800][8.461s] GC(3) Pause Remark 26M->26M(512M) 2.555ms
[2021-04-06T01:22:09.819-0800][8.461s] GC(3) User=0.01s Sys=0.00s Real=0.00s
[2021-04-06T01:22:09.819-0800][8.461s] GC(3) Concurrent Rebuild Remembered Sets
[2021-04-06T01:22:09.830-0800][8.472s] GC(3) Concurrent Rebuild Remembered Sets 10.781ms
[2021-04-06T01:22:09.831-0800][8.472s] GC(3) Pause Cleanup
[2021-04-06T01:22:09.831-0800][8.472s] GC(3) Pause Cleanup 27M->27M(512M) 0.126ms
[2021-04-06T01:22:09.831-0800][8.472s] GC(3) User=0.00s Sys=0.00s Real=0.00s
[2021-04-06T01:22:09.831-0800][8.472s] GC(3) Concurrent Cleanup for Next Mark
[2021-04-06T01:22:09.833-0800][8.474s] GC(3) Concurrent Cleanup for Next Mark 1.582ms
[2021-04-06T01:22:09.834-0800][8.476s] GC(3) Concurrent Cycle 55.260ms
[2021-04-06T01:22:11.876-0800][10.518s] GC(4) Pause Young (Concurrent Start) (G1 Evacuation Pause)
[2021-04-06T01:22:11.876-0800][10.518s] GC(4) Using 4 workers of 4 for evacuation
[2021-04-06T01:22:11.891-0800][10.533s] GC(4)   Pre Evacuate Collection Set: 0.1ms
[2021-04-06T01:22:11.891-0800][10.533s] GC(4)   Merge Heap Roots: 0.0ms
[2021-04-06T01:22:11.891-0800][10.533s] GC(4)   Evacuate Collection Set: 14.1ms
[2021-04-06T01:22:11.891-0800][10.533s] GC(4)   Post Evacuate Collection Set: 0.8ms
[2021-04-06T01:22:11.891-0800][10.533s] GC(4)   Other: 0.2ms
[2021-04-06T01:22:11.891-0800][10.533s] GC(4) Eden regions: 80->0(302)
[2021-04-06T01:22:11.891-0800][10.533s] GC(4) Survivor regions: 14->5(12)
[2021-04-06T01:22:11.892-0800][10.533s] GC(4) Old regions: 6->19
[2021-04-06T01:22:11.892-0800][10.533s] GC(4) Archive regions: 2->2
[2021-04-06T01:22:11.892-0800][10.533s] GC(4) Humongous regions: 4->4
[2021-04-06T01:22:11.892-0800][10.533s] GC(4) Metaspace: 30588K(31792K)->30588K(31792K) NonClass: 27016K(27824K)->27016K(27824K) Class: 3572K(3968K)->3572K(3968K)
[2021-04-06T01:22:11.892-0800][10.533s] GC(4) Pause Young (Concurrent Start) (G1 Evacuation Pause) 103M->27M(512M) 15.383ms
[2021-04-06T01:22:11.892-0800][10.533s] GC(4) User=0.06s Sys=0.00s Real=0.02s
[2021-04-06T01:22:11.892-0800][10.533s] GC(5) Concurrent Cycle
[2021-04-06T01:22:11.892-0800][10.533s] GC(5) Concurrent Clear Claimed Marks
[2021-04-06T01:22:11.892-0800][10.533s] GC(5) Concurrent Clear Claimed Marks 0.065ms
[2021-04-06T01:22:11.892-0800][10.533s] GC(5) Concurrent Scan Root Regions
[2021-04-06T01:22:11.904-0800][10.545s] GC(5) Concurrent Scan Root Regions 12.281ms
[2021-04-06T01:22:11.904-0800][10.546s] GC(5) Concurrent Mark (10.546s)
[2021-04-06T01:22:11.904-0800][10.546s] GC(5) Concurrent Mark From Roots
[2021-04-06T01:22:11.904-0800][10.546s] GC(5) Using 1 workers of 1 for marking
[2021-04-06T01:22:11.929-0800][10.571s] GC(5) Concurrent Mark From Roots 25.334ms
[2021-04-06T01:22:11.929-0800][10.571s] GC(5) Concurrent Preclean
[2021-04-06T01:22:11.930-0800][10.571s] GC(5) Concurrent Preclean 0.026ms
[2021-04-06T01:22:11.930-0800][10.571s] GC(5) Concurrent Mark (10.546s, 10.571s) 25.447ms
[2021-04-06T01:22:11.930-0800][10.571s] GC(5) Pause Remark
[2021-04-06T01:22:11.932-0800][10.574s] GC(5) Pause Remark 30M->30M(512M) 2.719ms
[2021-04-06T01:22:11.932-0800][10.574s] GC(5) User=0.01s Sys=0.00s Real=0.00s
[2021-04-06T01:22:11.933-0800][10.574s] GC(5) Concurrent Rebuild Remembered Sets
[2021-04-06T01:22:11.957-0800][10.599s] GC(5) Concurrent Rebuild Remembered Sets 24.831ms
[2021-04-06T01:22:11.958-0800][10.599s] GC(5) Pause Cleanup
[2021-04-06T01:22:11.958-0800][10.599s] GC(5) Pause Cleanup 32M->32M(512M) 0.132ms
[2021-04-06T01:22:11.958-0800][10.599s] GC(5) User=0.00s Sys=0.00s Real=0.00s
[2021-04-06T01:22:11.966-0800][10.607s] GC(5) Concurrent Cleanup for Next Mark
[2021-04-06T01:22:11.967-0800][10.609s] GC(5) Concurrent Cleanup for Next Mark 1.308ms
[2021-04-06T01:22:11.967-0800][10.609s] GC(5) Concurrent Cycle 75.754ms
[2021-04-06T01:29:42.794-0800][461.422s] GC(6) Pause Young (Normal) (G1 Evacuation Pause)
[2021-04-06T01:29:42.794-0800][461.422s] GC(6) Using 4 workers of 4 for evacuation
[2021-04-06T01:29:42.809-0800][461.436s] GC(6)   Pre Evacuate Collection Set: 0.1ms
[2021-04-06T01:29:42.809-0800][461.436s] GC(6)   Merge Heap Roots: 0.1ms
[2021-04-06T01:29:42.809-0800][461.437s] GC(6)   Evacuate Collection Set: 13.1ms
[2021-04-06T01:29:42.809-0800][461.437s] GC(6)   Post Evacuate Collection Set: 1.0ms
[2021-04-06T01:29:42.809-0800][461.437s] GC(6)   Other: 0.3ms
[2021-04-06T01:29:42.809-0800][461.437s] GC(6) Eden regions: 302->0(293)
[2021-04-06T01:29:42.809-0800][461.437s] GC(6) Survivor regions: 5->14(39)
[2021-04-06T01:29:42.809-0800][461.437s] GC(6) Old regions: 19->19
[2021-04-06T01:29:42.809-0800][461.437s] GC(6) Archive regions: 2->2
[2021-04-06T01:29:42.809-0800][461.437s] GC(6) Humongous regions: 5->4
[2021-04-06T01:29:42.809-0800][461.437s] GC(6) Metaspace: 47669K(48944K)->47669K(48944K) NonClass: 41900K(42672K)->41900K(42672K) Class: 5769K(6272K)->5769K(6272K)
[2021-04-06T01:29:42.809-0800][461.437s] GC(6) Pause Young (Normal) (G1 Evacuation Pause) 330M->36M(512M) 14.605ms
[2021-04-06T01:29:42.809-0800][461.437s] GC(6) User=0.05s Sys=0.00s Real=0.01s
[2021-04-06T01:32:24.735-0800][623.358s] GC(7) Pause Young (Normal) (G1 Evacuation Pause)
[2021-04-06T01:32:24.735-0800][623.358s] GC(7) Using 4 workers of 4 for evacuation
[2021-04-06T01:32:24.755-0800][623.378s] GC(7)   Pre Evacuate Collection Set: 0.1ms
[2021-04-06T01:32:24.755-0800][623.378s] GC(7)   Merge Heap Roots: 0.1ms
[2021-04-06T01:32:24.755-0800][623.378s] GC(7)   Evacuate Collection Set: 14.0ms
[2021-04-06T01:32:24.755-0800][623.378s] GC(7)   Post Evacuate Collection Set: 5.8ms
[2021-04-06T01:32:24.755-0800][623.378s] GC(7)   Other: 0.7ms
[2021-04-06T01:32:24.755-0800][623.378s] GC(7) Eden regions: 293->0(284)
[2021-04-06T01:32:24.755-0800][623.378s] GC(7) Survivor regions: 14->23(39)
[2021-04-06T01:32:24.755-0800][623.378s] GC(7) Old regions: 19->19
[2021-04-06T01:32:24.755-0800][623.378s] GC(7) Archive regions: 2->2
[2021-04-06T01:32:24.755-0800][623.378s] GC(7) Humongous regions: 4->4
[2021-04-06T01:32:24.755-0800][623.378s] GC(7) Metaspace: 48663K(49968K)->48663K(49968K) NonClass: 42864K(43696K)->42864K(43696K) Class: 5798K(6272K)->5798K(6272K)
[2021-04-06T01:32:24.755-0800][623.378s] GC(7) Pause Young (Normal) (G1 Evacuation Pause) 329M->45M(512M) 20.778ms
[2021-04-06T01:32:24.755-0800][623.378s] GC(7) User=0.08s Sys=0.00s Real=0.02s
[2021-04-06T01:44:06.582-0800][1325.184s] GC(8) Pause Young (Normal) (G1 Evacuation Pause)
[2021-04-06T01:44:06.582-0800][1325.184s] GC(8) Using 4 workers of 4 for evacuation
[2021-04-06T01:44:06.610-0800][1325.212s] GC(8)   Pre Evacuate Collection Set: 0.1ms
[2021-04-06T01:44:06.611-0800][1325.213s] GC(8)   Merge Heap Roots: 0.1ms
[2021-04-06T01:44:06.611-0800][1325.213s] GC(8)   Evacuate Collection Set: 18.9ms
[2021-04-06T01:44:06.611-0800][1325.213s] GC(8)   Post Evacuate Collection Set: 9.4ms
[2021-04-06T01:44:06.611-0800][1325.213s] GC(8)   Other: 0.2ms
[2021-04-06T01:44:06.611-0800][1325.213s] GC(8) Eden regions: 284->0(286)
[2021-04-06T01:44:06.611-0800][1325.213s] GC(8) Survivor regions: 23->21(39)
[2021-04-06T01:44:06.611-0800][1325.213s] GC(8) Old regions: 19->22
[2021-04-06T01:44:06.611-0800][1325.213s] GC(8) Archive regions: 2->2
[2021-04-06T01:44:06.611-0800][1325.213s] GC(8) Humongous regions: 7->7
[2021-04-06T01:44:06.611-0800][1325.213s] GC(8) Metaspace: 49453K(50864K)->49453K(50864K) NonClass: 43606K(44464K)->43606K(44464K) Class: 5847K(6400K)->5847K(6400K)
[2021-04-06T01:44:06.611-0800][1325.213s] GC(8) Pause Young (Normal) (G1 Evacuation Pause) 332M->49M(512M) 28.878ms
[2021-04-06T01:44:06.611-0800][1325.213s] GC(8) User=0.10s Sys=0.01s Real=0.03s
[2021-04-06T01:46:57.679-0800][1496.275s] Heap
[2021-04-06T01:46:57.679-0800][1496.276s]  garbage-first heap   total 524288K, used 96024K [0x00000007e0000000, 0x0000000800000000)
[2021-04-06T01:46:57.679-0800][1496.276s]   region size 1024K, 66 young (67584K), 21 survivors (21504K)
[2021-04-06T01:46:57.679-0800][1496.276s]  Metaspace       used 49625K, capacity 50803K, committed 50864K, reserved 1093632K
[2021-04-06T01:46:57.679-0800][1496.276s]   class space    used 5867K, capacity 6347K, committed 6400K, reserved 1048576K
