[2021-04-06T16:14:06.098-0800][0.014s] Heap region size: 1M
[2021-04-06T16:14:06.098-0800][0.015s] Heap address: 0x00000007e0000000, size: 512 MB, Compressed Oops mode: Zero based, Oop shift amount: 3
[2021-04-06T16:14:06.727-0800][0.644s] Using G1
[2021-04-06T16:14:06.728-0800][0.645s] Mark closed archive regions in map: [0x00000007fff00000, 0x00000007fff7aff8]
[2021-04-06T16:14:06.729-0800][0.646s] Mark open archive regions in map: [0x00000007ffe00000, 0x00000007ffe50ff8]
[2021-04-06T16:14:06.773-0800][0.690s] Periodic GC disabled
[2021-04-06T16:14:07.897-0800][1.813s] GC(0) Pause Young (Normal) (G1 Evacuation Pause)
[2021-04-06T16:14:07.897-0800][1.814s] GC(0) Using 4 workers of 4 for evacuation
[2021-04-06T16:14:07.900-0800][1.817s] GC(0)   Pre Evacuate Collection Set: 0.1ms
[2021-04-06T16:14:07.901-0800][1.817s] GC(0)   Merge Heap Roots: 0.1ms
[2021-04-06T16:14:07.901-0800][1.817s] GC(0)   Evacuate Collection Set: 2.6ms
[2021-04-06T16:14:07.901-0800][1.817s] GC(0)   Post Evacuate Collection Set: 0.3ms
[2021-04-06T16:14:07.901-0800][1.817s] GC(0)   Other: 0.7ms
[2021-04-06T16:14:07.901-0800][1.817s] GC(0) Eden regions: 25->0(37)
[2021-04-06T16:14:07.901-0800][1.817s] GC(0) Survivor regions: 0->3(4)
[2021-04-06T16:14:07.901-0800][1.817s] GC(0) Old regions: 0->0
[2021-04-06T16:14:07.901-0800][1.817s] GC(0) Archive regions: 2->2
[2021-04-06T16:14:07.901-0800][1.818s] GC(0) Humongous regions: 0->0
[2021-04-06T16:14:07.901-0800][1.818s] GC(0) Metaspace: 5153K(7296K)->5153K(7296K) NonClass: 4547K(6400K)->4547K(6400K) Class: 606K(896K)->606K(896K)
[2021-04-06T16:14:07.901-0800][1.818s] GC(0) Pause Young (Normal) (G1 Evacuation Pause) 25M->3M(512M) 4.206ms
[2021-04-06T16:14:07.901-0800][1.818s] GC(0) User=0.01s Sys=0.00s Real=0.01s
[2021-04-06T16:14:13.504-0800][7.420s] GC(1) Pause Young (Normal) (G1 Evacuation Pause)
[2021-04-06T16:14:13.504-0800][7.420s] GC(1) Using 4 workers of 4 for evacuation
[2021-04-06T16:14:13.519-0800][7.435s] GC(1)   Pre Evacuate Collection Set: 0.2ms
[2021-04-06T16:14:13.519-0800][7.435s] GC(1)   Merge Heap Roots: 0.1ms
[2021-04-06T16:14:13.519-0800][7.435s] GC(1)   Evacuate Collection Set: 14.2ms
[2021-04-06T16:14:13.519-0800][7.436s] GC(1)   Post Evacuate Collection Set: 0.5ms
[2021-04-06T16:14:13.519-0800][7.436s] GC(1)   Other: 0.2ms
[2021-04-06T16:14:13.519-0800][7.436s] GC(1) Eden regions: 37->0(283)
[2021-04-06T16:14:13.519-0800][7.436s] GC(1) Survivor regions: 3->5(5)
[2021-04-06T16:14:13.519-0800][7.436s] GC(1) Old regions: 0->5
[2021-04-06T16:14:13.519-0800][7.436s] GC(1) Archive regions: 2->2
[2021-04-06T16:14:13.519-0800][7.436s] GC(1) Humongous regions: 4->4
[2021-04-06T16:14:13.519-0800][7.436s] GC(1) Metaspace: 9883K(10624K)->9883K(10624K) NonClass: 8680K(9216K)->8680K(9216K) Class: 1203K(1408K)->1203K(1408K)
[2021-04-06T16:14:13.519-0800][7.436s] GC(1) Pause Young (Normal) (G1 Evacuation Pause) 44M->14M(512M) 15.216ms
[2021-04-06T16:14:13.519-0800][7.436s] GC(1) User=0.03s Sys=0.00s Real=0.01s
[2021-04-06T16:14:15.149-0800][9.065s] GC(2) Pause Young (Concurrent Start) (Metadata GC Threshold)
[2021-04-06T16:14:15.149-0800][9.065s] GC(2) Using 4 workers of 4 for evacuation
[2021-04-06T16:14:15.163-0800][9.079s] GC(2)   Pre Evacuate Collection Set: 0.1ms
[2021-04-06T16:14:15.163-0800][9.079s] GC(2)   Merge Heap Roots: 0.1ms
[2021-04-06T16:14:15.163-0800][9.079s] GC(2)   Evacuate Collection Set: 12.2ms
[2021-04-06T16:14:15.163-0800][9.079s] GC(2)   Post Evacuate Collection Set: 0.9ms
[2021-04-06T16:14:15.163-0800][9.079s] GC(2)   Other: 0.7ms
[2021-04-06T16:14:15.163-0800][9.079s] GC(2) Eden regions: 77->0(73)
[2021-04-06T16:14:15.163-0800][9.079s] GC(2) Survivor regions: 5->14(33)
[2021-04-06T16:14:15.163-0800][9.079s] GC(2) Old regions: 5->5
[2021-04-06T16:14:15.163-0800][9.079s] GC(2) Archive regions: 2->2
[2021-04-06T16:14:15.163-0800][9.079s] GC(2) Humongous regions: 4->4
[2021-04-06T16:14:15.163-0800][9.079s] GC(2) Metaspace: 20479K(21296K)->20479K(21296K) NonClass: 18107K(18608K)->18107K(18608K) Class: 2372K(2688K)->2372K(2688K)
[2021-04-06T16:14:15.163-0800][9.079s] GC(2) Pause Young (Concurrent Start) (Metadata GC Threshold) 91M->23M(512M) 14.148ms
[2021-04-06T16:14:15.163-0800][9.080s] GC(2) User=0.03s Sys=0.00s Real=0.02s
[2021-04-06T16:14:15.163-0800][9.080s] GC(3) Concurrent Cycle
[2021-04-06T16:14:15.163-0800][9.080s] GC(3) Concurrent Clear Claimed Marks
[2021-04-06T16:14:15.163-0800][9.080s] GC(3) Concurrent Clear Claimed Marks 0.049ms
[2021-04-06T16:14:15.163-0800][9.080s] GC(3) Concurrent Scan Root Regions
[2021-04-06T16:14:15.174-0800][9.090s] GC(3) Concurrent Scan Root Regions 10.722ms
[2021-04-06T16:14:15.174-0800][9.090s] GC(3) Concurrent Mark (9.090s)
[2021-04-06T16:14:15.174-0800][9.090s] GC(3) Concurrent Mark From Roots
[2021-04-06T16:14:15.174-0800][9.091s] GC(3) Using 1 workers of 1 for marking
[2021-04-06T16:14:15.193-0800][9.109s] GC(3) Concurrent Mark From Roots 18.878ms
[2021-04-06T16:14:15.193-0800][9.109s] GC(3) Concurrent Preclean
[2021-04-06T16:14:15.193-0800][9.109s] GC(3) Concurrent Preclean 0.035ms
[2021-04-06T16:14:15.193-0800][9.109s] GC(3) Concurrent Mark (9.090s, 9.109s) 19.011ms
[2021-04-06T16:14:15.193-0800][9.110s] GC(3) Pause Remark
[2021-04-06T16:14:15.196-0800][9.113s] GC(3) Pause Remark 25M->25M(512M) 2.632ms
[2021-04-06T16:14:15.196-0800][9.113s] GC(3) User=0.00s Sys=0.00s Real=0.00s
[2021-04-06T16:14:15.196-0800][9.113s] GC(3) Concurrent Rebuild Remembered Sets
[2021-04-06T16:14:15.206-0800][9.122s] GC(3) Concurrent Rebuild Remembered Sets 9.355ms
[2021-04-06T16:14:15.206-0800][9.122s] GC(3) Pause Cleanup
[2021-04-06T16:14:15.206-0800][9.123s] GC(3) Pause Cleanup 25M->25M(512M) 0.095ms
[2021-04-06T16:14:15.206-0800][9.123s] GC(3) User=0.00s Sys=0.00s Real=0.00s
[2021-04-06T16:14:15.206-0800][9.123s] GC(3) Concurrent Cleanup for Next Mark
[2021-04-06T16:14:15.209-0800][9.125s] GC(3) Concurrent Cleanup for Next Mark 2.773ms
[2021-04-06T16:14:15.209-0800][9.126s] GC(3) Concurrent Cycle 46.201ms
[2021-04-06T16:14:16.847-0800][10.764s] GC(4) Pause Young (Concurrent Start) (G1 Evacuation Pause)
[2021-04-06T16:14:16.847-0800][10.764s] GC(4) Using 4 workers of 4 for evacuation
[2021-04-06T16:14:16.864-0800][10.781s] GC(4)   Pre Evacuate Collection Set: 0.1ms
[2021-04-06T16:14:16.864-0800][10.781s] GC(4)   Merge Heap Roots: 0.1ms
[2021-04-06T16:14:16.864-0800][10.781s] GC(4)   Evacuate Collection Set: 14.8ms
[2021-04-06T16:14:16.864-0800][10.781s] GC(4)   Post Evacuate Collection Set: 1.7ms
[2021-04-06T16:14:16.864-0800][10.781s] GC(4)   Other: 0.2ms
[2021-04-06T16:14:16.864-0800][10.781s] GC(4) Eden regions: 75->0(93)
[2021-04-06T16:14:16.864-0800][10.781s] GC(4) Survivor regions: 14->4(12)
[2021-04-06T16:14:16.864-0800][10.781s] GC(4) Old regions: 5->18
[2021-04-06T16:14:16.864-0800][10.781s] GC(4) Archive regions: 2->2
[2021-04-06T16:14:16.864-0800][10.781s] GC(4) Humongous regions: 4->4
[2021-04-06T16:14:16.864-0800][10.781s] GC(4) Metaspace: 30299K(31536K)->30299K(31536K) NonClass: 26761K(27568K)->26761K(27568K) Class: 3537K(3968K)->3537K(3968K)
[2021-04-06T16:14:16.864-0800][10.781s] GC(4) Pause Young (Concurrent Start) (G1 Evacuation Pause) 98M->26M(512M) 17.122ms
[2021-04-06T16:14:16.864-0800][10.781s] GC(4) User=0.04s Sys=0.00s Real=0.02s
[2021-04-06T16:14:16.864-0800][10.781s] GC(5) Concurrent Cycle
[2021-04-06T16:14:16.865-0800][10.781s] GC(5) Concurrent Clear Claimed Marks
[2021-04-06T16:14:16.865-0800][10.781s] GC(5) Concurrent Clear Claimed Marks 0.084ms
[2021-04-06T16:14:16.865-0800][10.781s] GC(5) Concurrent Scan Root Regions
[2021-04-06T16:14:16.880-0800][10.797s] GC(5) Concurrent Scan Root Regions 15.411ms
[2021-04-06T16:14:16.880-0800][10.797s] GC(5) Concurrent Mark (10.797s)
[2021-04-06T16:14:16.880-0800][10.797s] GC(5) Concurrent Mark From Roots
[2021-04-06T16:14:16.880-0800][10.797s] GC(5) Using 1 workers of 1 for marking
[2021-04-06T16:14:16.898-0800][10.814s] GC(5) Concurrent Mark From Roots 17.425ms
[2021-04-06T16:14:16.898-0800][10.814s] GC(5) Concurrent Preclean
[2021-04-06T16:14:16.898-0800][10.814s] GC(5) Concurrent Preclean 0.031ms
[2021-04-06T16:14:16.898-0800][10.814s] GC(5) Concurrent Mark (10.797s, 10.814s) 17.542ms
[2021-04-06T16:14:16.898-0800][10.814s] GC(5) Pause Remark
[2021-04-06T16:14:16.901-0800][10.817s] GC(5) Pause Remark 29M->29M(512M) 2.630ms
[2021-04-06T16:14:16.901-0800][10.817s] GC(5) User=0.00s Sys=0.00s Real=0.01s
[2021-04-06T16:14:16.901-0800][10.817s] GC(5) Concurrent Rebuild Remembered Sets
[2021-04-06T16:14:16.920-0800][10.837s] GC(5) Concurrent Rebuild Remembered Sets 19.742ms
[2021-04-06T16:14:16.921-0800][10.837s] GC(5) Pause Cleanup
[2021-04-06T16:14:16.921-0800][10.837s] GC(5) Pause Cleanup 30M->30M(512M) 0.086ms
[2021-04-06T16:14:16.921-0800][10.837s] GC(5) User=0.00s Sys=0.00s Real=0.00s
[2021-04-06T16:14:16.921-0800][10.837s] GC(5) Concurrent Cleanup for Next Mark
[2021-04-06T16:14:16.922-0800][10.839s] GC(5) Concurrent Cleanup for Next Mark 1.238ms
[2021-04-06T16:14:16.922-0800][10.839s] GC(5) Concurrent Cycle 57.702ms
[2021-04-06T16:14:17.803-0800][11.720s] GC(6) Pause Young (Normal) (G1 Evacuation Pause)
[2021-04-06T16:14:17.803-0800][11.720s] GC(6) Using 4 workers of 4 for evacuation
[2021-04-06T16:14:17.813-0800][11.730s] GC(6)   Pre Evacuate Collection Set: 0.1ms
[2021-04-06T16:14:17.813-0800][11.730s] GC(6)   Merge Heap Roots: 0.1ms
[2021-04-06T16:14:17.813-0800][11.730s] GC(6)   Evacuate Collection Set: 9.0ms
[2021-04-06T16:14:17.813-0800][11.730s] GC(6)   Post Evacuate Collection Set: 0.8ms
[2021-04-06T16:14:17.813-0800][11.730s] GC(6)   Other: 0.2ms
[2021-04-06T16:14:17.813-0800][11.730s] GC(6) Eden regions: 93->0(300)
[2021-04-06T16:14:17.813-0800][11.730s] GC(6) Survivor regions: 4->7(13)
[2021-04-06T16:14:17.813-0800][11.730s] GC(6) Old regions: 18->18
[2021-04-06T16:14:17.813-0800][11.730s] GC(6) Archive regions: 2->2
[2021-04-06T16:14:17.813-0800][11.730s] GC(6) Humongous regions: 5->4
[2021-04-06T16:14:17.813-0800][11.730s] GC(6) Metaspace: 35851K(36912K)->35851K(36912K) NonClass: 31579K(32176K)->31579K(32176K) Class: 4272K(4736K)->4272K(4736K)
[2021-04-06T16:14:17.813-0800][11.730s] GC(6) Pause Young (Normal) (G1 Evacuation Pause) 120M->29M(512M) 10.303ms
[2021-04-06T16:14:17.813-0800][11.730s] GC(6) User=0.03s Sys=0.00s Real=0.01s
[2021-04-06T16:26:59.153-0800][773.048s] Heap
[2021-04-06T16:26:59.153-0800][773.049s]  garbage-first heap   total 524288K, used 294220K [0x00000007e0000000, 0x0000000800000000)
[2021-04-06T16:26:59.153-0800][773.049s]   region size 1024K, 266 young (272384K), 7 survivors (7168K)
[2021-04-06T16:26:59.154-0800][773.049s]  Metaspace       used 47481K, capacity 48513K, committed 48688K, reserved 1091584K
[2021-04-06T16:26:59.154-0800][773.049s]   class space    used 5747K, capacity 6158K, committed 6272K, reserved 1048576K
