[2021-03-03T14:07:13.667-0800][0.013s] Heap region size: 1M
[2021-03-03T14:07:13.667-0800][0.013s] Heap address: 0x00000007e0000000, size: 512 MB, Compressed Oops mode: Zero based, Oop shift amount: 3
[2021-03-03T14:07:13.930-0800][0.275s] Using G1
[2021-03-03T14:07:13.931-0800][0.276s] Mark closed archive regions in map: [0x00000007fff00000, 0x00000007fff7aff8]
[2021-03-03T14:07:13.931-0800][0.276s] Mark open archive regions in map: [0x00000007ffe00000, 0x00000007ffe50ff8]
[2021-03-03T14:07:13.953-0800][0.298s] Periodic GC disabled
[2021-03-03T14:07:14.720-0800][1.066s] GC(0) Pause Young (Normal) (G1 Evacuation Pause)
[2021-03-03T14:07:14.720-0800][1.066s] GC(0) Using 4 workers of 4 for evacuation
[2021-03-03T14:07:14.724-0800][1.069s] GC(0)   Pre Evacuate Collection Set: 0.1ms
[2021-03-03T14:07:14.724-0800][1.069s] GC(0)   Merge Heap Roots: 0.0ms
[2021-03-03T14:07:14.724-0800][1.070s] GC(0)   Evacuate Collection Set: 3.0ms
[2021-03-03T14:07:14.724-0800][1.070s] GC(0)   Post Evacuate Collection Set: 0.4ms
[2021-03-03T14:07:14.724-0800][1.070s] GC(0)   Other: 0.4ms
[2021-03-03T14:07:14.724-0800][1.070s] GC(0) Eden regions: 25->0(37)
[2021-03-03T14:07:14.724-0800][1.070s] GC(0) Survivor regions: 0->3(4)
[2021-03-03T14:07:14.724-0800][1.070s] GC(0) Old regions: 0->0
[2021-03-03T14:07:14.724-0800][1.070s] GC(0) Archive regions: 2->2
[2021-03-03T14:07:14.724-0800][1.070s] GC(0) Humongous regions: 0->0
[2021-03-03T14:07:14.724-0800][1.070s] GC(0) Metaspace: 5191K(7296K)->5191K(7296K) NonClass: 4580K(6400K)->4580K(6400K) Class: 610K(896K)->610K(896K)
[2021-03-03T14:07:14.724-0800][1.070s] GC(0) Pause Young (Normal) (G1 Evacuation Pause) 25M->3M(512M) 4.081ms
[2021-03-03T14:07:14.724-0800][1.070s] GC(0) User=0.01s Sys=0.00s Real=0.00s
[2021-03-03T14:07:20.255-0800][6.601s] GC(1) Pause Young (Normal) (G1 Evacuation Pause)
[2021-03-03T14:07:20.255-0800][6.601s] GC(1) Using 4 workers of 4 for evacuation
[2021-03-03T14:07:20.267-0800][6.612s] GC(1)   Pre Evacuate Collection Set: 0.1ms
[2021-03-03T14:07:20.267-0800][6.612s] GC(1)   Merge Heap Roots: 0.0ms
[2021-03-03T14:07:20.267-0800][6.612s] GC(1)   Evacuate Collection Set: 10.8ms
[2021-03-03T14:07:20.267-0800][6.612s] GC(1)   Post Evacuate Collection Set: 0.4ms
[2021-03-03T14:07:20.267-0800][6.612s] GC(1)   Other: 0.2ms
[2021-03-03T14:07:20.267-0800][6.612s] GC(1) Eden regions: 37->0(266)
[2021-03-03T14:07:20.267-0800][6.612s] GC(1) Survivor regions: 3->5(5)
[2021-03-03T14:07:20.267-0800][6.612s] GC(1) Old regions: 0->6
[2021-03-03T14:07:20.267-0800][6.612s] GC(1) Archive regions: 2->2
[2021-03-03T14:07:20.267-0800][6.612s] GC(1) Humongous regions: 4->4
[2021-03-03T14:07:20.267-0800][6.612s] GC(1) Metaspace: 9883K(10624K)->9883K(10624K) NonClass: 8680K(9216K)->8680K(9216K) Class: 1203K(1408K)->1203K(1408K)
[2021-03-03T14:07:20.267-0800][6.612s] GC(1) Pause Young (Normal) (G1 Evacuation Pause) 44M->14M(512M) 11.696ms
[2021-03-03T14:07:20.267-0800][6.612s] GC(1) User=0.04s Sys=0.00s Real=0.01s
[2021-03-03T14:07:21.587-0800][7.933s] GC(2) Pause Young (Concurrent Start) (Metadata GC Threshold)
[2021-03-03T14:07:21.587-0800][7.933s] GC(2) Using 4 workers of 4 for evacuation
[2021-03-03T14:07:21.598-0800][7.944s] GC(2)   Pre Evacuate Collection Set: 0.1ms
[2021-03-03T14:07:21.599-0800][7.944s] GC(2)   Merge Heap Roots: 0.0ms
[2021-03-03T14:07:21.599-0800][7.944s] GC(2)   Evacuate Collection Set: 9.6ms
[2021-03-03T14:07:21.599-0800][7.944s] GC(2)   Post Evacuate Collection Set: 1.1ms
[2021-03-03T14:07:21.599-0800][7.944s] GC(2)   Other: 0.2ms
[2021-03-03T14:07:21.599-0800][7.944s] GC(2) Eden regions: 77->0(75)
[2021-03-03T14:07:21.599-0800][7.944s] GC(2) Survivor regions: 5->14(33)
[2021-03-03T14:07:21.599-0800][7.944s] GC(2) Old regions: 6->6
[2021-03-03T14:07:21.599-0800][7.944s] GC(2) Archive regions: 2->2
[2021-03-03T14:07:21.599-0800][7.944s] GC(2) Humongous regions: 4->4
[2021-03-03T14:07:21.599-0800][7.944s] GC(2) Metaspace: 20535K(21296K)->20535K(21296K) NonClass: 18157K(18608K)->18157K(18608K) Class: 2377K(2688K)->2377K(2688K)
[2021-03-03T14:07:21.599-0800][7.944s] GC(2) Pause Young (Concurrent Start) (Metadata GC Threshold) 91M->23M(512M) 11.448ms
[2021-03-03T14:07:21.599-0800][7.944s] GC(2) User=0.03s Sys=0.00s Real=0.01s
[2021-03-03T14:07:21.599-0800][7.944s] GC(3) Concurrent Cycle
[2021-03-03T14:07:21.599-0800][7.944s] GC(3) Concurrent Clear Claimed Marks
[2021-03-03T14:07:21.599-0800][7.944s] GC(3) Concurrent Clear Claimed Marks 0.038ms
[2021-03-03T14:07:21.599-0800][7.944s] GC(3) Concurrent Scan Root Regions
[2021-03-03T14:07:21.608-0800][7.953s] GC(3) Concurrent Scan Root Regions 8.553ms
[2021-03-03T14:07:21.608-0800][7.953s] GC(3) Concurrent Mark (7.953s)
[2021-03-03T14:07:21.608-0800][7.953s] GC(3) Concurrent Mark From Roots
[2021-03-03T14:07:21.608-0800][7.953s] GC(3) Using 1 workers of 1 for marking
[2021-03-03T14:07:21.629-0800][7.974s] GC(3) Concurrent Mark From Roots 20.833ms
[2021-03-03T14:07:21.629-0800][7.974s] GC(3) Concurrent Preclean
[2021-03-03T14:07:21.629-0800][7.974s] GC(3) Concurrent Preclean 0.042ms
[2021-03-03T14:07:21.629-0800][7.974s] GC(3) Concurrent Mark (7.953s, 7.974s) 20.961ms
[2021-03-03T14:07:21.629-0800][7.974s] GC(3) Pause Remark
[2021-03-03T14:07:21.631-0800][7.976s] GC(3) Pause Remark 24M->24M(512M) 1.672ms
[2021-03-03T14:07:21.631-0800][7.976s] GC(3) User=0.01s Sys=0.00s Real=0.01s
[2021-03-03T14:07:21.631-0800][7.976s] GC(3) Concurrent Rebuild Remembered Sets
[2021-03-03T14:07:21.641-0800][7.987s] GC(3) Concurrent Rebuild Remembered Sets 10.540ms
[2021-03-03T14:07:21.642-0800][7.987s] GC(3) Pause Cleanup
[2021-03-03T14:07:21.642-0800][7.987s] GC(3) Pause Cleanup 25M->25M(512M) 0.129ms
[2021-03-03T14:07:21.642-0800][7.987s] GC(3) User=0.00s Sys=0.00s Real=0.00s
[2021-03-03T14:07:21.642-0800][7.988s] GC(3) Concurrent Cleanup for Next Mark
[2021-03-03T14:07:21.644-0800][7.989s] GC(3) Concurrent Cleanup for Next Mark 1.540ms
[2021-03-03T14:07:21.644-0800][7.989s] GC(3) Concurrent Cycle 45.083ms
[2021-03-03T14:07:24.990-0800][11.336s] GC(4) Pause Young (Concurrent Start) (G1 Evacuation Pause)
[2021-03-03T14:07:24.991-0800][11.336s] GC(4) Using 4 workers of 4 for evacuation
[2021-03-03T14:07:25.013-0800][11.358s] GC(4)   Pre Evacuate Collection Set: 0.2ms
[2021-03-03T14:07:25.013-0800][11.358s] GC(4)   Merge Heap Roots: 0.1ms
[2021-03-03T14:07:25.013-0800][11.358s] GC(4)   Evacuate Collection Set: 17.2ms
[2021-03-03T14:07:25.013-0800][11.358s] GC(4)   Post Evacuate Collection Set: 4.3ms
[2021-03-03T14:07:25.013-0800][11.358s] GC(4)   Other: 0.8ms
[2021-03-03T14:07:25.013-0800][11.358s] GC(4) Eden regions: 79->0(302)
[2021-03-03T14:07:25.013-0800][11.358s] GC(4) Survivor regions: 14->5(12)
[2021-03-03T14:07:25.013-0800][11.358s] GC(4) Old regions: 6->18
[2021-03-03T14:07:25.013-0800][11.358s] GC(4) Archive regions: 2->2
[2021-03-03T14:07:25.013-0800][11.358s] GC(4) Humongous regions: 4->4
[2021-03-03T14:07:25.013-0800][11.358s] GC(4) Metaspace: 30787K(31792K)->30787K(31792K) NonClass: 27202K(27824K)->27202K(27824K) Class: 3585K(3968K)->3585K(3968K)
[2021-03-03T14:07:25.013-0800][11.358s] GC(4) Pause Young (Concurrent Start) (G1 Evacuation Pause) 102M->26M(512M) 22.784ms
[2021-03-03T14:07:25.013-0800][11.359s] GC(4) User=0.05s Sys=0.01s Real=0.02s
[2021-03-03T14:07:25.013-0800][11.359s] GC(5) Concurrent Cycle
[2021-03-03T14:07:25.013-0800][11.359s] GC(5) Concurrent Clear Claimed Marks
[2021-03-03T14:07:25.013-0800][11.359s] GC(5) Concurrent Clear Claimed Marks 0.063ms
[2021-03-03T14:07:25.013-0800][11.359s] GC(5) Concurrent Scan Root Regions
[2021-03-03T14:07:25.028-0800][11.373s] GC(5) Concurrent Scan Root Regions 14.586ms
[2021-03-03T14:07:25.028-0800][11.373s] GC(5) Concurrent Mark (11.373s)
[2021-03-03T14:07:25.028-0800][11.373s] GC(5) Concurrent Mark From Roots
[2021-03-03T14:07:25.028-0800][11.373s] GC(5) Using 1 workers of 1 for marking
[2021-03-03T14:07:25.056-0800][11.401s] GC(5) Concurrent Mark From Roots 27.719ms
[2021-03-03T14:07:25.056-0800][11.401s] GC(5) Concurrent Preclean
[2021-03-03T14:07:25.056-0800][11.401s] GC(5) Concurrent Preclean 0.054ms
[2021-03-03T14:07:25.056-0800][11.401s] GC(5) Concurrent Mark (11.373s, 11.401s) 27.905ms
[2021-03-03T14:07:25.056-0800][11.401s] GC(5) Pause Remark
[2021-03-03T14:07:25.060-0800][11.406s] GC(5) Pause Remark 29M->29M(512M) 4.115ms
[2021-03-03T14:07:25.060-0800][11.406s] GC(5) User=0.01s Sys=0.00s Real=0.01s
[2021-03-03T14:07:25.062-0800][11.407s] GC(5) Concurrent Rebuild Remembered Sets
[2021-03-03T14:07:25.086-0800][11.431s] GC(5) Concurrent Rebuild Remembered Sets 23.593ms
[2021-03-03T14:07:25.086-0800][11.431s] GC(5) Pause Cleanup
[2021-03-03T14:07:25.086-0800][11.431s] GC(5) Pause Cleanup 30M->30M(512M) 0.154ms
[2021-03-03T14:07:25.086-0800][11.431s] GC(5) User=0.00s Sys=0.00s Real=0.00s
[2021-03-03T14:07:25.086-0800][11.432s] GC(5) Concurrent Cleanup for Next Mark
[2021-03-03T14:07:25.088-0800][11.433s] GC(5) Concurrent Cleanup for Next Mark 1.539ms
[2021-03-03T14:07:25.088-0800][11.433s] GC(5) Concurrent Cycle 74.613ms
[2021-03-03T14:12:28.004-0800][314.342s] GC(6) Pause Young (Normal) (G1 Evacuation Pause)
[2021-03-03T14:12:28.004-0800][314.342s] GC(6) Using 4 workers of 4 for evacuation
[2021-03-03T14:12:28.021-0800][314.360s] GC(6)   Pre Evacuate Collection Set: 0.1ms
[2021-03-03T14:12:28.021-0800][314.360s] GC(6)   Merge Heap Roots: 0.1ms
[2021-03-03T14:12:28.021-0800][314.360s] GC(6)   Evacuate Collection Set: 16.2ms
[2021-03-03T14:12:28.021-0800][314.360s] GC(6)   Post Evacuate Collection Set: 0.9ms
[2021-03-03T14:12:28.021-0800][314.360s] GC(6)   Other: 0.4ms
[2021-03-03T14:12:28.021-0800][314.360s] GC(6) Eden regions: 302->0(292)
[2021-03-03T14:12:28.021-0800][314.360s] GC(6) Survivor regions: 5->15(39)
[2021-03-03T14:12:28.021-0800][314.360s] GC(6) Old regions: 18->18
[2021-03-03T14:12:28.021-0800][314.360s] GC(6) Archive regions: 2->2
[2021-03-03T14:12:28.021-0800][314.360s] GC(6) Humongous regions: 5->4
[2021-03-03T14:12:28.022-0800][314.360s] GC(6) Metaspace: 47564K(48944K)->47564K(48944K) NonClass: 41826K(42672K)->41826K(42672K) Class: 5738K(6272K)->5738K(6272K)
[2021-03-03T14:12:28.022-0800][314.360s] GC(6) Pause Young (Normal) (G1 Evacuation Pause) 329M->36M(512M) 17.866ms
[2021-03-03T14:12:28.022-0800][314.360s] GC(6) User=0.07s Sys=0.01s Real=0.02s
[2021-03-03T14:14:11.214-0800][417.550s] GC(7) Pause Young (Normal) (G1 Evacuation Pause)
[2021-03-03T14:14:11.214-0800][417.550s] GC(7) Using 4 workers of 4 for evacuation
[2021-03-03T14:14:11.267-0800][417.603s] GC(7)   Pre Evacuate Collection Set: 0.1ms
[2021-03-03T14:14:11.267-0800][417.603s] GC(7)   Merge Heap Roots: 0.1ms
[2021-03-03T14:14:11.267-0800][417.603s] GC(7)   Evacuate Collection Set: 46.7ms
[2021-03-03T14:14:11.267-0800][417.603s] GC(7)   Post Evacuate Collection Set: 5.5ms
[2021-03-03T14:14:11.267-0800][417.603s] GC(7)   Other: 0.2ms
[2021-03-03T14:14:11.267-0800][417.603s] GC(7) Eden regions: 292->0(268)
[2021-03-03T14:14:11.267-0800][417.603s] GC(7) Survivor regions: 15->39(39)
[2021-03-03T14:14:11.267-0800][417.603s] GC(7) Old regions: 18->32
[2021-03-03T14:14:11.267-0800][417.603s] GC(7) Archive regions: 2->2
[2021-03-03T14:14:11.267-0800][417.603s] GC(7) Humongous regions: 43->13
[2021-03-03T14:14:11.267-0800][417.603s] GC(7) Metaspace: 49936K(51376K)->49936K(51376K) NonClass: 44039K(44976K)->44039K(44976K) Class: 5897K(6400K)->5897K(6400K)
[2021-03-03T14:14:11.267-0800][417.603s] GC(7) Pause Young (Normal) (G1 Evacuation Pause) 367M->84M(512M) 52.883ms
[2021-03-03T14:14:11.267-0800][417.603s] GC(7) User=0.08s Sys=0.00s Real=0.05s
[2021-03-03T14:14:19.855-0800][426.191s] GC(8) Pause Young (Normal) (G1 Evacuation Pause)
[2021-03-03T14:14:19.855-0800][426.191s] GC(8) Using 4 workers of 4 for evacuation
[2021-03-03T14:14:19.892-0800][426.228s] GC(8) To-space exhausted
[2021-03-03T14:14:19.893-0800][426.228s] GC(8)   Pre Evacuate Collection Set: 0.1ms
[2021-03-03T14:14:19.893-0800][426.228s] GC(8)   Merge Heap Roots: 0.1ms
[2021-03-03T14:14:19.893-0800][426.228s] GC(8)   Evacuate Collection Set: 23.4ms
[2021-03-03T14:14:19.893-0800][426.228s] GC(8)   Post Evacuate Collection Set: 13.8ms
[2021-03-03T14:14:19.893-0800][426.229s] GC(8)   Other: 0.3ms
[2021-03-03T14:14:19.893-0800][426.229s] GC(8) Eden regions: 268->0(142)
[2021-03-03T14:14:19.893-0800][426.229s] GC(8) Survivor regions: 39->30(39)
[2021-03-03T14:14:19.893-0800][426.229s] GC(8) Old regions: 32->201
[2021-03-03T14:14:19.893-0800][426.229s] GC(8) Archive regions: 2->2
[2021-03-03T14:14:19.893-0800][426.229s] GC(8) Humongous regions: 114->40
[2021-03-03T14:14:19.893-0800][426.229s] GC(8) Metaspace: 50852K(52272K)->50852K(52272K) NonClass: 44866K(45744K)->44866K(45744K) Class: 5986K(6528K)->5986K(6528K)
[2021-03-03T14:14:19.893-0800][426.229s] GC(8) Pause Young (Normal) (G1 Evacuation Pause) 453M->271M(512M) 37.874ms
[2021-03-03T14:14:19.893-0800][426.229s] GC(8) User=0.13s Sys=0.01s Real=0.04s
[2021-03-03T14:14:20.045-0800][426.381s] GC(9) Pause Young (Concurrent Start) (G1 Humongous Allocation)
[2021-03-03T14:14:20.045-0800][426.381s] GC(9) Using 4 workers of 4 for evacuation
[2021-03-03T14:14:20.051-0800][426.387s] GC(9)   Pre Evacuate Collection Set: 0.1ms
[2021-03-03T14:14:20.051-0800][426.387s] GC(9)   Merge Heap Roots: 0.0ms
[2021-03-03T14:14:20.051-0800][426.387s] GC(9)   Evacuate Collection Set: 4.5ms
[2021-03-03T14:14:20.051-0800][426.387s] GC(9)   Post Evacuate Collection Set: 0.5ms
[2021-03-03T14:14:20.051-0800][426.387s] GC(9)   Other: 0.2ms
[2021-03-03T14:14:20.051-0800][426.387s] GC(9) Eden regions: 13->0(140)
[2021-03-03T14:14:20.051-0800][426.387s] GC(9) Survivor regions: 30->5(22)
[2021-03-03T14:14:20.051-0800][426.387s] GC(9) Old regions: 201->230
[2021-03-03T14:14:20.051-0800][426.387s] GC(9) Archive regions: 2->2
[2021-03-03T14:14:20.051-0800][426.387s] GC(9) Humongous regions: 40->40
[2021-03-03T14:14:20.051-0800][426.387s] GC(9) Metaspace: 50859K(52272K)->50859K(52272K) NonClass: 44873K(45744K)->44873K(45744K) Class: 5986K(6528K)->5986K(6528K)
[2021-03-03T14:14:20.051-0800][426.387s] GC(9) Pause Young (Concurrent Start) (G1 Humongous Allocation) 284M->274M(512M) 5.551ms
[2021-03-03T14:14:20.051-0800][426.387s] GC(9) User=0.02s Sys=0.00s Real=0.01s
[2021-03-03T14:14:20.051-0800][426.387s] GC(10) Concurrent Cycle
[2021-03-03T14:14:20.051-0800][426.387s] GC(10) Concurrent Clear Claimed Marks
[2021-03-03T14:14:20.051-0800][426.387s] GC(10) Concurrent Clear Claimed Marks 0.091ms
[2021-03-03T14:14:20.051-0800][426.387s] GC(10) Concurrent Scan Root Regions
[2021-03-03T14:14:20.053-0800][426.389s] GC(10) Concurrent Scan Root Regions 1.606ms
[2021-03-03T14:14:20.053-0800][426.389s] GC(10) Concurrent Mark (426.389s)
[2021-03-03T14:14:20.053-0800][426.389s] GC(10) Concurrent Mark From Roots
[2021-03-03T14:14:20.053-0800][426.389s] GC(10) Using 1 workers of 1 for marking
[2021-03-03T14:14:20.168-0800][426.504s] GC(10) Concurrent Mark From Roots 115.022ms
[2021-03-03T14:14:20.168-0800][426.504s] GC(10) Concurrent Preclean
[2021-03-03T14:14:20.168-0800][426.504s] GC(10) Concurrent Preclean 0.292ms
[2021-03-03T14:14:20.168-0800][426.504s] GC(10) Concurrent Mark (426.389s, 426.504s) 115.406ms
[2021-03-03T14:14:20.168-0800][426.504s] GC(10) Pause Remark
[2021-03-03T14:14:20.179-0800][426.515s] GC(10) Pause Remark 280M->260M(512M) 10.903ms
[2021-03-03T14:14:20.179-0800][426.515s] GC(10) User=0.03s Sys=0.00s Real=0.01s
[2021-03-03T14:14:20.190-0800][426.526s] GC(10) Concurrent Rebuild Remembered Sets
[2021-03-03T14:14:20.286-0800][426.622s] GC(10) Concurrent Rebuild Remembered Sets 96.297ms
[2021-03-03T14:14:20.287-0800][426.622s] GC(10) Pause Cleanup
[2021-03-03T14:14:20.287-0800][426.623s] GC(10) Pause Cleanup 266M->266M(512M) 0.224ms
[2021-03-03T14:14:20.287-0800][426.623s] GC(10) User=0.01s Sys=0.00s Real=0.00s
[2021-03-03T14:14:20.287-0800][426.623s] GC(10) Concurrent Cleanup for Next Mark
[2021-03-03T14:14:20.288-0800][426.624s] GC(10) Concurrent Cleanup for Next Mark 0.943ms
[2021-03-03T14:14:20.288-0800][426.624s] GC(10) Concurrent Cycle 236.832ms
[2021-03-03T14:14:21.982-0800][428.318s] GC(11) Pause Young (Prepare Mixed) (G1 Evacuation Pause)
[2021-03-03T14:14:21.982-0800][428.318s] GC(11) Using 4 workers of 4 for evacuation
[2021-03-03T14:14:21.986-0800][428.322s] GC(11)   Pre Evacuate Collection Set: 0.1ms
[2021-03-03T14:14:21.986-0800][428.322s] GC(11)   Merge Heap Roots: 0.1ms
[2021-03-03T14:14:21.986-0800][428.322s] GC(11)   Evacuate Collection Set: 2.8ms
[2021-03-03T14:14:21.986-0800][428.322s] GC(11)   Post Evacuate Collection Set: 1.1ms
[2021-03-03T14:14:21.986-0800][428.322s] GC(11)   Other: 0.2ms
[2021-03-03T14:14:21.986-0800][428.322s] GC(11) Eden regions: 140->0(12)
[2021-03-03T14:14:21.986-0800][428.322s] GC(11) Survivor regions: 5->13(19)
[2021-03-03T14:14:21.986-0800][428.322s] GC(11) Old regions: 210->210
[2021-03-03T14:14:21.986-0800][428.322s] GC(11) Archive regions: 2->2
[2021-03-03T14:14:21.986-0800][428.322s] GC(11) Humongous regions: 50->41
[2021-03-03T14:14:21.986-0800][428.322s] GC(11) Metaspace: 50777K(52272K)->50777K(52272K) NonClass: 44813K(45744K)->44813K(45744K) Class: 5964K(6528K)->5964K(6528K)
[2021-03-03T14:14:21.986-0800][428.322s] GC(11) Pause Young (Prepare Mixed) (G1 Evacuation Pause) 404M->264M(512M) 4.502ms
[2021-03-03T14:14:21.986-0800][428.322s] GC(11) User=0.01s Sys=0.00s Real=0.00s
[2021-03-03T14:14:22.100-0800][428.436s] GC(12) Pause Young (Mixed) (G1 Evacuation Pause)
[2021-03-03T14:14:22.100-0800][428.436s] GC(12) Using 4 workers of 4 for evacuation
[2021-03-03T14:14:22.104-0800][428.440s] GC(12)   Pre Evacuate Collection Set: 0.1ms
[2021-03-03T14:14:22.104-0800][428.440s] GC(12)   Merge Heap Roots: 0.0ms
[2021-03-03T14:14:22.104-0800][428.440s] GC(12)   Evacuate Collection Set: 3.1ms
[2021-03-03T14:14:22.104-0800][428.440s] GC(12)   Post Evacuate Collection Set: 0.4ms
[2021-03-03T14:14:22.104-0800][428.440s] GC(12)   Other: 0.1ms
[2021-03-03T14:14:22.104-0800][428.440s] GC(12) Eden regions: 12->0(21)
[2021-03-03T14:14:22.104-0800][428.440s] GC(12) Survivor regions: 13->4(4)
[2021-03-03T14:14:22.104-0800][428.440s] GC(12) Old regions: 210->169
[2021-03-03T14:14:22.104-0800][428.440s] GC(12) Archive regions: 2->2
[2021-03-03T14:14:22.104-0800][428.440s] GC(12) Humongous regions: 43->42
[2021-03-03T14:14:22.104-0800][428.440s] GC(12) Metaspace: 50777K(52272K)->50777K(52272K) NonClass: 44813K(45744K)->44813K(45744K) Class: 5964K(6528K)->5964K(6528K)
[2021-03-03T14:14:22.104-0800][428.440s] GC(12) Pause Young (Mixed) (G1 Evacuation Pause) 278M->215M(512M) 3.906ms
[2021-03-03T14:14:22.104-0800][428.440s] GC(12) User=0.01s Sys=0.00s Real=0.00s
[2021-03-03T14:14:22.427-0800][428.763s] GC(13) Pause Young (Mixed) (G1 Evacuation Pause)
[2021-03-03T14:14:22.427-0800][428.763s] GC(13) Using 4 workers of 4 for evacuation
[2021-03-03T14:14:22.430-0800][428.766s] GC(13)   Pre Evacuate Collection Set: 0.1ms
[2021-03-03T14:14:22.430-0800][428.766s] GC(13)   Merge Heap Roots: 0.0ms
[2021-03-03T14:14:22.430-0800][428.766s] GC(13)   Evacuate Collection Set: 1.9ms
[2021-03-03T14:14:22.430-0800][428.766s] GC(13)   Post Evacuate Collection Set: 0.5ms
[2021-03-03T14:14:22.430-0800][428.766s] GC(13)   Other: 0.2ms
[2021-03-03T14:14:22.430-0800][428.766s] GC(13) Eden regions: 21->0(223)
[2021-03-03T14:14:22.430-0800][428.766s] GC(13) Survivor regions: 4->4(4)
[2021-03-03T14:14:22.430-0800][428.766s] GC(13) Old regions: 169->123
[2021-03-03T14:14:22.430-0800][428.766s] GC(13) Archive regions: 2->2
[2021-03-03T14:14:22.430-0800][428.766s] GC(13) Humongous regions: 43->42
[2021-03-03T14:14:22.430-0800][428.766s] GC(13) Metaspace: 50777K(52272K)->50777K(52272K) NonClass: 44813K(45744K)->44813K(45744K) Class: 5964K(6528K)->5964K(6528K)
[2021-03-03T14:14:22.430-0800][428.766s] GC(13) Pause Young (Mixed) (G1 Evacuation Pause) 237M->169M(512M) 2.929ms
[2021-03-03T14:14:22.430-0800][428.766s] GC(13) User=0.00s Sys=0.01s Real=0.01s
[2021-03-03T14:14:30.274-0800][436.610s] GC(14) Pause Young (Normal) (G1 Evacuation Pause)
[2021-03-03T14:14:30.275-0800][436.611s] GC(14) Using 4 workers of 4 for evacuation
[2021-03-03T14:14:30.281-0800][436.616s] GC(14)   Pre Evacuate Collection Set: 0.1ms
[2021-03-03T14:14:30.281-0800][436.617s] GC(14)   Merge Heap Roots: 0.1ms
[2021-03-03T14:14:30.281-0800][436.617s] GC(14)   Evacuate Collection Set: 4.7ms
[2021-03-03T14:14:30.281-0800][436.617s] GC(14)   Post Evacuate Collection Set: 0.5ms
[2021-03-03T14:14:30.281-0800][436.617s] GC(14)   Other: 1.2ms
[2021-03-03T14:14:30.281-0800][436.617s] GC(14) Eden regions: 223->0(197)
[2021-03-03T14:14:30.281-0800][436.617s] GC(14) Survivor regions: 4->27(29)
[2021-03-03T14:14:30.281-0800][436.617s] GC(14) Old regions: 123->123
[2021-03-03T14:14:30.281-0800][436.617s] GC(14) Archive regions: 2->2
[2021-03-03T14:14:30.281-0800][436.617s] GC(14) Humongous regions: 76->50
[2021-03-03T14:14:30.281-0800][436.617s] GC(14) Metaspace: 50784K(52272K)->50784K(52272K) NonClass: 44816K(45744K)->44816K(45744K) Class: 5967K(6528K)->5967K(6528K)
[2021-03-03T14:14:30.281-0800][436.617s] GC(14) Pause Young (Normal) (G1 Evacuation Pause) 426M->199M(512M) 6.805ms
[2021-03-03T14:14:30.281-0800][436.617s] GC(14) User=0.02s Sys=0.00s Real=0.01s
[2021-03-03T14:14:35.067-0800][441.403s] GC(15) Pause Young (Normal) (G1 Evacuation Pause)
[2021-03-03T14:14:35.067-0800][441.403s] GC(15) Using 4 workers of 4 for evacuation
[2021-03-03T14:14:35.073-0800][441.409s] GC(15)   Pre Evacuate Collection Set: 0.1ms
[2021-03-03T14:14:35.073-0800][441.409s] GC(15)   Merge Heap Roots: 0.0ms
[2021-03-03T14:14:35.073-0800][441.409s] GC(15)   Evacuate Collection Set: 5.3ms
[2021-03-03T14:14:35.073-0800][441.409s] GC(15)   Post Evacuate Collection Set: 0.5ms
[2021-03-03T14:14:35.073-0800][441.409s] GC(15)   Other: 0.2ms
[2021-03-03T14:14:35.073-0800][441.409s] GC(15) Eden regions: 197->0(186)
[2021-03-03T14:14:35.073-0800][441.409s] GC(15) Survivor regions: 27->17(28)
[2021-03-03T14:14:35.073-0800][441.409s] GC(15) Old regions: 123->142
[2021-03-03T14:14:35.073-0800][441.409s] GC(15) Archive regions: 2->2
[2021-03-03T14:14:35.073-0800][441.409s] GC(15) Humongous regions: 91->58
[2021-03-03T14:14:35.073-0800][441.409s] GC(15) Metaspace: 50786K(52272K)->50786K(52272K) NonClass: 44818K(45744K)->44818K(45744K) Class: 5967K(6528K)->5967K(6528K)
[2021-03-03T14:14:35.073-0800][441.409s] GC(15) Pause Young (Normal) (G1 Evacuation Pause) 437M->216M(512M) 6.336ms
[2021-03-03T14:14:35.073-0800][441.409s] GC(15) User=0.02s Sys=0.00s Real=0.01s
[2021-03-03T14:14:36.820-0800][443.156s] GC(16) Pause Young (Normal) (G1 Evacuation Pause)
[2021-03-03T14:14:36.820-0800][443.156s] GC(16) Using 4 workers of 4 for evacuation
[2021-03-03T14:14:36.827-0800][443.163s] GC(16)   Pre Evacuate Collection Set: 0.1ms
[2021-03-03T14:14:36.827-0800][443.163s] GC(16)   Merge Heap Roots: 0.1ms
[2021-03-03T14:14:36.827-0800][443.163s] GC(16)   Evacuate Collection Set: 5.7ms
[2021-03-03T14:14:36.827-0800][443.163s] GC(16)   Post Evacuate Collection Set: 0.5ms
[2021-03-03T14:14:36.827-0800][443.163s] GC(16)   Other: 0.2ms
[2021-03-03T14:14:36.827-0800][443.163s] GC(16) Eden regions: 186->0(185)
[2021-03-03T14:14:36.827-0800][443.163s] GC(16) Survivor regions: 17->9(26)
[2021-03-03T14:14:36.827-0800][443.163s] GC(16) Old regions: 142->158
[2021-03-03T14:14:36.827-0800][443.163s] GC(16) Archive regions: 2->2
[2021-03-03T14:14:36.827-0800][443.163s] GC(16) Humongous regions: 65->58
[2021-03-03T14:14:36.827-0800][443.163s] GC(16) Metaspace: 50849K(52272K)->50849K(52272K) NonClass: 44873K(45744K)->44873K(45744K) Class: 5975K(6528K)->5975K(6528K)
[2021-03-03T14:14:36.827-0800][443.163s] GC(16) Pause Young (Normal) (G1 Evacuation Pause) 409M->225M(512M) 6.836ms
[2021-03-03T14:14:36.827-0800][443.163s] GC(16) User=0.02s Sys=0.00s Real=0.00s
[2021-03-03T14:14:38.949-0800][445.285s] GC(17) Pause Young (Normal) (G1 Evacuation Pause)
[2021-03-03T14:14:38.949-0800][445.285s] GC(17) Using 4 workers of 4 for evacuation
[2021-03-03T14:14:38.954-0800][445.290s] GC(17)   Pre Evacuate Collection Set: 0.1ms
[2021-03-03T14:14:38.954-0800][445.290s] GC(17)   Merge Heap Roots: 0.1ms
[2021-03-03T14:14:38.954-0800][445.290s] GC(17)   Evacuate Collection Set: 4.1ms
[2021-03-03T14:14:38.954-0800][445.290s] GC(17)   Post Evacuate Collection Set: 0.5ms
[2021-03-03T14:14:38.954-0800][445.290s] GC(17)   Other: 0.4ms
[2021-03-03T14:14:38.954-0800][445.290s] GC(17) Eden regions: 185->0(173)
[2021-03-03T14:14:38.954-0800][445.290s] GC(17) Survivor regions: 9->22(25)
[2021-03-03T14:14:38.954-0800][445.290s] GC(17) Old regions: 158->158
[2021-03-03T14:14:38.954-0800][445.290s] GC(17) Archive regions: 2->2
[2021-03-03T14:14:38.954-0800][445.290s] GC(17) Humongous regions: 70->61
[2021-03-03T14:14:38.954-0800][445.290s] GC(17) Metaspace: 50850K(52272K)->50850K(52272K) NonClass: 44875K(45744K)->44875K(45744K) Class: 5975K(6528K)->5975K(6528K)
[2021-03-03T14:14:38.954-0800][445.290s] GC(17) Pause Young (Normal) (G1 Evacuation Pause) 422M->240M(512M) 5.391ms
[2021-03-03T14:14:38.954-0800][445.290s] GC(17) User=0.02s Sys=0.00s Real=0.01s
[2021-03-03T14:14:41.070-0800][447.405s] GC(18) Pause Young (Concurrent Start) (G1 Humongous Allocation)
[2021-03-03T14:14:41.070-0800][447.405s] GC(18) Using 4 workers of 4 for evacuation
[2021-03-03T14:14:41.077-0800][447.412s] GC(18)   Pre Evacuate Collection Set: 0.2ms
[2021-03-03T14:14:41.077-0800][447.412s] GC(18)   Merge Heap Roots: 0.1ms
[2021-03-03T14:14:41.077-0800][447.412s] GC(18)   Evacuate Collection Set: 5.7ms
[2021-03-03T14:14:41.077-0800][447.412s] GC(18)   Post Evacuate Collection Set: 0.5ms
[2021-03-03T14:14:41.077-0800][447.412s] GC(18)   Other: 0.3ms
[2021-03-03T14:14:41.077-0800][447.412s] GC(18) Eden regions: 122->0(164)
[2021-03-03T14:14:41.077-0800][447.412s] GC(18) Survivor regions: 22->13(25)
[2021-03-03T14:14:41.077-0800][447.412s] GC(18) Old regions: 158->175
[2021-03-03T14:14:41.077-0800][447.412s] GC(18) Archive regions: 2->2
[2021-03-03T14:14:41.077-0800][447.412s] GC(18) Humongous regions: 70->62
[2021-03-03T14:14:41.077-0800][447.412s] GC(18) Metaspace: 50851K(52272K)->50851K(52272K) NonClass: 44876K(45744K)->44876K(45744K) Class: 5975K(6528K)->5975K(6528K)
[2021-03-03T14:14:41.077-0800][447.412s] GC(18) Pause Young (Concurrent Start) (G1 Humongous Allocation) 371M->249M(512M) 7.143ms
[2021-03-03T14:14:41.077-0800][447.412s] GC(18) User=0.02s Sys=0.00s Real=0.00s
[2021-03-03T14:14:41.077-0800][447.412s] GC(19) Concurrent Cycle
[2021-03-03T14:14:41.077-0800][447.412s] GC(19) Concurrent Clear Claimed Marks
[2021-03-03T14:14:41.077-0800][447.413s] GC(19) Concurrent Clear Claimed Marks 0.096ms
[2021-03-03T14:14:41.077-0800][447.413s] GC(19) Concurrent Scan Root Regions
[2021-03-03T14:14:41.079-0800][447.414s] GC(19) Concurrent Scan Root Regions 1.884ms
[2021-03-03T14:14:41.079-0800][447.415s] GC(19) Concurrent Mark (447.415s)
[2021-03-03T14:14:41.079-0800][447.415s] GC(19) Concurrent Mark From Roots
[2021-03-03T14:14:41.079-0800][447.415s] GC(19) Using 1 workers of 1 for marking
[2021-03-03T14:14:41.193-0800][447.528s] GC(19) Concurrent Mark From Roots 113.391ms
[2021-03-03T14:14:41.193-0800][447.528s] GC(19) Concurrent Preclean
[2021-03-03T14:14:41.193-0800][447.528s] GC(19) Concurrent Preclean 0.124ms
[2021-03-03T14:14:41.193-0800][447.528s] GC(19) Concurrent Mark (447.415s, 447.528s) 113.636ms
[2021-03-03T14:14:41.193-0800][447.528s] GC(19) Pause Remark
[2021-03-03T14:14:41.198-0800][447.534s] GC(19) Pause Remark 252M->228M(512M) 5.117ms
[2021-03-03T14:14:41.198-0800][447.534s] GC(19) User=0.02s Sys=0.00s Real=0.00s
[2021-03-03T14:14:41.198-0800][447.534s] GC(19) Concurrent Rebuild Remembered Sets
[2021-03-03T14:14:41.291-0800][447.626s] GC(19) Concurrent Rebuild Remembered Sets 92.440ms
[2021-03-03T14:14:41.291-0800][447.626s] GC(19) Pause Cleanup
[2021-03-03T14:14:41.291-0800][447.627s] GC(19) Pause Cleanup 231M->231M(512M) 0.309ms
[2021-03-03T14:14:41.291-0800][447.627s] GC(19) User=0.00s Sys=0.00s Real=0.00s
[2021-03-03T14:14:41.296-0800][447.631s] GC(19) Concurrent Cleanup for Next Mark
[2021-03-03T14:14:41.298-0800][447.634s] GC(19) Concurrent Cleanup for Next Mark 2.676ms
[2021-03-03T14:14:41.298-0800][447.634s] GC(19) Concurrent Cycle 221.273ms
[2021-03-03T14:14:43.987-0800][450.322s] GC(20) Pause Young (Concurrent Start) (G1 Humongous Allocation)
[2021-03-03T14:14:43.987-0800][450.322s] GC(20) Using 4 workers of 4 for evacuation
[2021-03-03T14:14:43.992-0800][450.327s] GC(20)   Pre Evacuate Collection Set: 0.1ms
[2021-03-03T14:14:43.992-0800][450.327s] GC(20)   Merge Heap Roots: 0.1ms
[2021-03-03T14:14:43.992-0800][450.327s] GC(20)   Evacuate Collection Set: 4.1ms
[2021-03-03T14:14:43.992-0800][450.327s] GC(20)   Post Evacuate Collection Set: 0.7ms
[2021-03-03T14:14:43.992-0800][450.327s] GC(20)   Other: 0.2ms
[2021-03-03T14:14:43.992-0800][450.328s] GC(20) Eden regions: 126->0(165)
[2021-03-03T14:14:43.992-0800][450.328s] GC(20) Survivor regions: 13->20(23)
[2021-03-03T14:14:43.992-0800][450.328s] GC(20) Old regions: 171->177
[2021-03-03T14:14:43.992-0800][450.328s] GC(20) Archive regions: 2->2
[2021-03-03T14:14:43.992-0800][450.328s] GC(20) Humongous regions: 57->44
[2021-03-03T14:14:43.992-0800][450.328s] GC(20) Metaspace: 50852K(52272K)->50852K(52272K) NonClass: 44877K(45744K)->44877K(45744K) Class: 5975K(6528K)->5975K(6528K)
[2021-03-03T14:14:43.992-0800][450.328s] GC(20) Pause Young (Concurrent Start) (G1 Humongous Allocation) 366M->240M(512M) 5.532ms
[2021-03-03T14:14:43.992-0800][450.328s] GC(20) User=0.02s Sys=0.00s Real=0.01s
[2021-03-03T14:14:43.992-0800][450.328s] GC(21) Concurrent Cycle
[2021-03-03T14:14:43.992-0800][450.328s] GC(21) Concurrent Clear Claimed Marks
[2021-03-03T14:14:43.992-0800][450.328s] GC(21) Concurrent Clear Claimed Marks 0.094ms
[2021-03-03T14:14:43.992-0800][450.328s] GC(21) Concurrent Scan Root Regions
[2021-03-03T14:14:43.994-0800][450.329s] GC(21) Concurrent Scan Root Regions 1.437ms
[2021-03-03T14:14:43.994-0800][450.329s] GC(21) Concurrent Mark (450.329s)
[2021-03-03T14:14:43.994-0800][450.329s] GC(21) Concurrent Mark From Roots
[2021-03-03T14:14:43.994-0800][450.329s] GC(21) Using 1 workers of 1 for marking
[2021-03-03T14:14:44.115-0800][450.451s] GC(21) Concurrent Mark From Roots 121.297ms
[2021-03-03T14:14:44.115-0800][450.451s] GC(21) Concurrent Preclean
[2021-03-03T14:14:44.115-0800][450.451s] GC(21) Concurrent Preclean 0.152ms
[2021-03-03T14:14:44.115-0800][450.451s] GC(21) Concurrent Mark (450.329s, 450.451s) 121.566ms
[2021-03-03T14:14:44.116-0800][450.451s] GC(21) Pause Remark
[2021-03-03T14:14:44.121-0800][450.457s] GC(21) Pause Remark 245M->208M(512M) 5.440ms
[2021-03-03T14:14:44.121-0800][450.457s] GC(21) User=0.02s Sys=0.00s Real=0.01s
[2021-03-03T14:14:44.122-0800][450.457s] GC(21) Concurrent Rebuild Remembered Sets
[2021-03-03T14:14:44.198-0800][450.534s] GC(21) Concurrent Rebuild Remembered Sets 76.294ms
[2021-03-03T14:14:44.198-0800][450.534s] GC(21) Pause Cleanup
[2021-03-03T14:14:44.199-0800][450.534s] GC(21) Pause Cleanup 210M->210M(512M) 0.188ms
[2021-03-03T14:14:44.199-0800][450.534s] GC(21) User=0.00s Sys=0.00s Real=0.00s
[2021-03-03T14:14:44.199-0800][450.534s] GC(21) Concurrent Cleanup for Next Mark
[2021-03-03T14:14:44.200-0800][450.535s] GC(21) Concurrent Cleanup for Next Mark 0.799ms
[2021-03-03T14:14:44.200-0800][450.535s] GC(21) Concurrent Cycle 207.376ms
[2021-03-03T14:14:46.949-0800][453.284s] GC(22) Pause Young (Prepare Mixed) (G1 Evacuation Pause)
[2021-03-03T14:14:46.950-0800][453.285s] GC(22) Using 4 workers of 4 for evacuation
[2021-03-03T14:14:46.956-0800][453.291s] GC(22)   Pre Evacuate Collection Set: 0.1ms
[2021-03-03T14:14:46.956-0800][453.291s] GC(22)   Merge Heap Roots: 0.1ms
[2021-03-03T14:14:46.956-0800][453.291s] GC(22)   Evacuate Collection Set: 4.7ms
[2021-03-03T14:14:46.956-0800][453.291s] GC(22)   Post Evacuate Collection Set: 0.7ms
[2021-03-03T14:14:46.956-0800][453.291s] GC(22)   Other: 1.4ms
[2021-03-03T14:14:46.956-0800][453.291s] GC(22) Eden regions: 165->0(6)
[2021-03-03T14:14:46.956-0800][453.291s] GC(22) Survivor regions: 20->19(24)
[2021-03-03T14:14:46.956-0800][453.291s] GC(22) Old regions: 150->159
[2021-03-03T14:14:46.956-0800][453.291s] GC(22) Archive regions: 2->2
[2021-03-03T14:14:46.956-0800][453.291s] GC(22) Humongous regions: 67->42
[2021-03-03T14:14:46.956-0800][453.291s] GC(22) Metaspace: 50852K(52272K)->50852K(52272K) NonClass: 44877K(45744K)->44877K(45744K) Class: 5975K(6528K)->5975K(6528K)
[2021-03-03T14:14:46.956-0800][453.291s] GC(22) Pause Young (Prepare Mixed) (G1 Evacuation Pause) 401M->219M(512M) 7.198ms
[2021-03-03T14:14:46.956-0800][453.292s] GC(22) User=0.02s Sys=0.01s Real=0.01s
[2021-03-03T14:14:47.072-0800][453.407s] GC(23) Pause Young (Mixed) (G1 Evacuation Pause)
[2021-03-03T14:14:47.072-0800][453.407s] GC(23) Using 4 workers of 4 for evacuation
[2021-03-03T14:14:47.085-0800][453.420s] GC(23)   Pre Evacuate Collection Set: 0.1ms
[2021-03-03T14:14:47.085-0800][453.420s] GC(23)   Merge Heap Roots: 0.1ms
[2021-03-03T14:14:47.085-0800][453.420s] GC(23)   Evacuate Collection Set: 11.5ms
[2021-03-03T14:14:47.085-0800][453.420s] GC(23)   Post Evacuate Collection Set: 0.8ms
[2021-03-03T14:14:47.085-0800][453.420s] GC(23)   Other: 0.3ms
[2021-03-03T14:14:47.085-0800][453.420s] GC(23) Eden regions: 6->0(216)
[2021-03-03T14:14:47.085-0800][453.420s] GC(23) Survivor regions: 19->1(4)
[2021-03-03T14:14:47.085-0800][453.420s] GC(23) Old regions: 159->135
[2021-03-03T14:14:47.085-0800][453.420s] GC(23) Archive regions: 2->2
[2021-03-03T14:14:47.085-0800][453.420s] GC(23) Humongous regions: 43->42
[2021-03-03T14:14:47.085-0800][453.420s] GC(23) Metaspace: 50852K(52272K)->50852K(52272K) NonClass: 44877K(45744K)->44877K(45744K) Class: 5975K(6528K)->5975K(6528K)
[2021-03-03T14:14:47.085-0800][453.420s] GC(23) Pause Young (Mixed) (G1 Evacuation Pause) 226M->177M(512M) 12.927ms
[2021-03-03T14:14:47.085-0800][453.420s] GC(23) User=0.04s Sys=0.00s Real=0.01s
[2021-03-03T14:14:49.086-0800][455.421s] GC(24) Pause Young (Normal) (G1 Evacuation Pause)
[2021-03-03T14:14:49.086-0800][455.421s] GC(24) Using 4 workers of 4 for evacuation
[2021-03-03T14:14:49.092-0800][455.427s] GC(24)   Pre Evacuate Collection Set: 0.4ms
[2021-03-03T14:14:49.092-0800][455.427s] GC(24)   Merge Heap Roots: 0.4ms
[2021-03-03T14:14:49.092-0800][455.427s] GC(24)   Evacuate Collection Set: 3.5ms
[2021-03-03T14:14:49.092-0800][455.427s] GC(24)   Post Evacuate Collection Set: 1.4ms
[2021-03-03T14:14:49.092-0800][455.427s] GC(24)   Other: 0.3ms
[2021-03-03T14:14:49.092-0800][455.427s] GC(24) Eden regions: 216->0(200)
[2021-03-03T14:14:49.092-0800][455.427s] GC(24) Survivor regions: 1->16(28)
[2021-03-03T14:14:49.092-0800][455.427s] GC(24) Old regions: 135->135
[2021-03-03T14:14:49.092-0800][455.427s] GC(24) Archive regions: 2->2
[2021-03-03T14:14:49.092-0800][455.427s] GC(24) Humongous regions: 60->51
[2021-03-03T14:14:49.092-0800][455.427s] GC(24) Metaspace: 51590K(53168K)->51590K(53168K) NonClass: 45521K(46512K)->45521K(46512K) Class: 6069K(6656K)->6069K(6656K)
[2021-03-03T14:14:49.092-0800][455.427s] GC(24) Pause Young (Normal) (G1 Evacuation Pause) 411M->201M(512M) 6.374ms
[2021-03-03T14:14:49.092-0800][455.427s] GC(24) User=0.01s Sys=0.00s Real=0.01s
[2021-03-03T14:14:51.324-0800][457.660s] GC(25) Pause Young (Normal) (G1 Evacuation Pause)
[2021-03-03T14:14:51.324-0800][457.660s] GC(25) Using 4 workers of 4 for evacuation
[2021-03-03T14:14:51.329-0800][457.665s] GC(25)   Pre Evacuate Collection Set: 0.1ms
[2021-03-03T14:14:51.330-0800][457.665s] GC(25)   Merge Heap Roots: 0.1ms
[2021-03-03T14:14:51.330-0800][457.665s] GC(25)   Evacuate Collection Set: 4.2ms
[2021-03-03T14:14:51.330-0800][457.665s] GC(25)   Post Evacuate Collection Set: 0.6ms
[2021-03-03T14:14:51.330-0800][457.665s] GC(25)   Other: 0.2ms
[2021-03-03T14:14:51.330-0800][457.665s] GC(25) Eden regions: 200->0(196)
[2021-03-03T14:14:51.330-0800][457.665s] GC(25) Survivor regions: 16->13(27)
[2021-03-03T14:14:51.330-0800][457.665s] GC(25) Old regions: 135->146
[2021-03-03T14:14:51.330-0800][457.665s] GC(25) Archive regions: 2->2
[2021-03-03T14:14:51.330-0800][457.665s] GC(25) Humongous regions: 60->52
[2021-03-03T14:14:51.330-0800][457.665s] GC(25) Metaspace: 51590K(53168K)->51590K(53168K) NonClass: 45521K(46512K)->45521K(46512K) Class: 6069K(6656K)->6069K(6656K)
[2021-03-03T14:14:51.330-0800][457.665s] GC(25) Pause Young (Normal) (G1 Evacuation Pause) 410M->210M(512M) 5.359ms
[2021-03-03T14:14:51.330-0800][457.665s] GC(25) User=0.02s Sys=0.00s Real=0.01s
[2021-03-03T14:14:55.399-0800][461.734s] GC(26) Pause Young (Normal) (G1 Evacuation Pause)
[2021-03-03T14:14:55.399-0800][461.734s] GC(26) Using 4 workers of 4 for evacuation
[2021-03-03T14:14:55.403-0800][461.738s] GC(26)   Pre Evacuate Collection Set: 0.1ms
[2021-03-03T14:14:55.403-0800][461.738s] GC(26)   Merge Heap Roots: 0.1ms
[2021-03-03T14:14:55.403-0800][461.738s] GC(26)   Evacuate Collection Set: 3.2ms
[2021-03-03T14:14:55.403-0800][461.738s] GC(26)   Post Evacuate Collection Set: 0.4ms
[2021-03-03T14:14:55.403-0800][461.738s] GC(26)   Other: 0.2ms
[2021-03-03T14:14:55.403-0800][461.738s] GC(26) Eden regions: 196->0(196)
[2021-03-03T14:14:55.403-0800][461.738s] GC(26) Survivor regions: 13->17(27)
[2021-03-03T14:14:55.403-0800][461.738s] GC(26) Old regions: 146->146
[2021-03-03T14:14:55.403-0800][461.738s] GC(26) Archive regions: 2->2
[2021-03-03T14:14:55.403-0800][461.738s] GC(26) Humongous regions: 58->53
[2021-03-03T14:14:55.403-0800][461.738s] GC(26) Metaspace: 51594K(53168K)->51594K(53168K) NonClass: 45525K(46512K)->45525K(46512K) Class: 6069K(6656K)->6069K(6656K)
[2021-03-03T14:14:55.403-0800][461.738s] GC(26) Pause Young (Normal) (G1 Evacuation Pause) 412M->215M(512M) 4.205ms
[2021-03-03T14:14:55.403-0800][461.738s] GC(26) User=0.01s Sys=0.00s Real=0.01s
[2021-03-03T14:14:57.019-0800][463.354s] GC(27) Pause Young (Normal) (G1 Evacuation Pause)
[2021-03-03T14:14:57.019-0800][463.354s] GC(27) Using 4 workers of 4 for evacuation
[2021-03-03T14:14:57.024-0800][463.359s] GC(27)   Pre Evacuate Collection Set: 0.1ms
[2021-03-03T14:14:57.024-0800][463.359s] GC(27)   Merge Heap Roots: 0.1ms
[2021-03-03T14:14:57.024-0800][463.359s] GC(27)   Evacuate Collection Set: 3.4ms
[2021-03-03T14:14:57.024-0800][463.359s] GC(27)   Post Evacuate Collection Set: 0.5ms
[2021-03-03T14:14:57.024-0800][463.359s] GC(27)   Other: 0.2ms
[2021-03-03T14:14:57.024-0800][463.359s] GC(27) Eden regions: 196->0(204)
[2021-03-03T14:14:57.024-0800][463.359s] GC(27) Survivor regions: 17->9(27)
[2021-03-03T14:14:57.024-0800][463.359s] GC(27) Old regions: 146->155
[2021-03-03T14:14:57.024-0800][463.359s] GC(27) Archive regions: 2->2
[2021-03-03T14:14:57.024-0800][463.359s] GC(27) Humongous regions: 53->53
[2021-03-03T14:14:57.024-0800][463.359s] GC(27) Metaspace: 51611K(53168K)->51611K(53168K) NonClass: 45542K(46512K)->45542K(46512K) Class: 6069K(6656K)->6069K(6656K)
[2021-03-03T14:14:57.024-0800][463.359s] GC(27) Pause Young (Normal) (G1 Evacuation Pause) 411M->216M(512M) 4.478ms
[2021-03-03T14:14:57.024-0800][463.359s] GC(27) User=0.01s Sys=0.00s Real=0.01s
