[2021-04-08T14:16:47.122-0800][0.013s] Heap region size: 1M
[2021-04-08T14:16:47.123-0800][0.013s] Heap address: 0x00000007e0000000, size: 512 MB, Compressed Oops mode: Zero based, Oop shift amount: 3
[2021-04-08T14:16:47.376-0800][0.266s] Using G1
[2021-04-08T14:16:47.377-0800][0.267s] Mark closed archive regions in map: [0x00000007fff00000, 0x00000007fff7aff8]
[2021-04-08T14:16:47.377-0800][0.267s] Mark open archive regions in map: [0x00000007ffe00000, 0x00000007ffe50ff8]
[2021-04-08T14:16:47.400-0800][0.291s] Periodic GC disabled
[2021-04-08T14:16:47.998-0800][0.889s] GC(0) Pause Young (Normal) (G1 Evacuation Pause)
[2021-04-08T14:16:47.999-0800][0.889s] GC(0) Using 4 workers of 4 for evacuation
[2021-04-08T14:16:48.002-0800][0.892s] GC(0)   Pre Evacuate Collection Set: 0.1ms
[2021-04-08T14:16:48.002-0800][0.892s] GC(0)   Merge Heap Roots: 0.1ms
[2021-04-08T14:16:48.002-0800][0.892s] GC(0)   Evacuate Collection Set: 2.2ms
[2021-04-08T14:16:48.002-0800][0.892s] GC(0)   Post Evacuate Collection Set: 0.4ms
[2021-04-08T14:16:48.002-0800][0.892s] GC(0)   Other: 0.4ms
[2021-04-08T14:16:48.002-0800][0.892s] GC(0) Eden regions: 25->0(37)
[2021-04-08T14:16:48.002-0800][0.892s] GC(0) Survivor regions: 0->3(4)
[2021-04-08T14:16:48.002-0800][0.892s] GC(0) Old regions: 0->0
[2021-04-08T14:16:48.002-0800][0.892s] GC(0) Archive regions: 2->2
[2021-04-08T14:16:48.002-0800][0.892s] GC(0) Humongous regions: 0->0
[2021-04-08T14:16:48.002-0800][0.892s] GC(0) Metaspace: 5125K(7296K)->5125K(7296K) NonClass: 4517K(6400K)->4517K(6400K) Class: 608K(896K)->608K(896K)
[2021-04-08T14:16:48.002-0800][0.892s] GC(0) Pause Young (Normal) (G1 Evacuation Pause) 25M->3M(512M) 3.324ms
[2021-04-08T14:16:48.002-0800][0.892s] GC(0) User=0.01s Sys=0.01s Real=0.01s
[2021-04-08T14:16:53.429-0800][6.319s] GC(1) Pause Young (Normal) (G1 Evacuation Pause)
[2021-04-08T14:16:53.429-0800][6.319s] GC(1) Using 4 workers of 4 for evacuation
[2021-04-08T14:16:53.440-0800][6.330s] GC(1)   Pre Evacuate Collection Set: 0.1ms
[2021-04-08T14:16:53.440-0800][6.330s] GC(1)   Merge Heap Roots: 0.1ms
[2021-04-08T14:16:53.440-0800][6.330s] GC(1)   Evacuate Collection Set: 10.3ms
[2021-04-08T14:16:53.440-0800][6.330s] GC(1)   Post Evacuate Collection Set: 0.5ms
[2021-04-08T14:16:53.440-0800][6.330s] GC(1)   Other: 0.2ms
[2021-04-08T14:16:53.440-0800][6.330s] GC(1) Eden regions: 37->0(297)
[2021-04-08T14:16:53.440-0800][6.330s] GC(1) Survivor regions: 3->5(5)
[2021-04-08T14:16:53.440-0800][6.330s] GC(1) Old regions: 0->5
[2021-04-08T14:16:53.440-0800][6.330s] GC(1) Archive regions: 2->2
[2021-04-08T14:16:53.440-0800][6.330s] GC(1) Humongous regions: 4->4
[2021-04-08T14:16:53.440-0800][6.330s] GC(1) Metaspace: 9863K(10368K)->9863K(10368K) NonClass: 8661K(8960K)->8661K(8960K) Class: 1201K(1408K)->1201K(1408K)
[2021-04-08T14:16:53.440-0800][6.330s] GC(1) Pause Young (Normal) (G1 Evacuation Pause) 44M->14M(512M) 11.280ms
[2021-04-08T14:16:53.440-0800][6.330s] GC(1) User=0.04s Sys=0.01s Real=0.02s
[2021-04-08T14:16:54.688-0800][7.578s] GC(2) Pause Young (Concurrent Start) (Metadata GC Threshold)
[2021-04-08T14:16:54.688-0800][7.578s] GC(2) Using 4 workers of 4 for evacuation
[2021-04-08T14:16:54.698-0800][7.588s] GC(2)   Pre Evacuate Collection Set: 0.3ms
[2021-04-08T14:16:54.698-0800][7.588s] GC(2)   Merge Heap Roots: 0.2ms
[2021-04-08T14:16:54.698-0800][7.588s] GC(2)   Evacuate Collection Set: 8.7ms
[2021-04-08T14:16:54.698-0800][7.588s] GC(2)   Post Evacuate Collection Set: 0.8ms
[2021-04-08T14:16:54.698-0800][7.588s] GC(2)   Other: 0.3ms
[2021-04-08T14:16:54.698-0800][7.588s] GC(2) Eden regions: 76->0(73)
[2021-04-08T14:16:54.698-0800][7.588s] GC(2) Survivor regions: 5->14(37)
[2021-04-08T14:16:54.698-0800][7.588s] GC(2) Old regions: 5->5
[2021-04-08T14:16:54.698-0800][7.588s] GC(2) Archive regions: 2->2
[2021-04-08T14:16:54.698-0800][7.588s] GC(2) Humongous regions: 4->4
[2021-04-08T14:16:54.698-0800][7.588s] GC(2) Metaspace: 20501K(21296K)->20501K(21296K) NonClass: 18129K(18608K)->18129K(18608K) Class: 2372K(2688K)->2372K(2688K)
[2021-04-08T14:16:54.698-0800][7.588s] GC(2) Pause Young (Concurrent Start) (Metadata GC Threshold) 90M->23M(512M) 10.593ms
[2021-04-08T14:16:54.698-0800][7.588s] GC(2) User=0.04s Sys=0.00s Real=0.01s
[2021-04-08T14:16:54.698-0800][7.589s] GC(3) Concurrent Cycle
[2021-04-08T14:16:54.699-0800][7.589s] GC(3) Concurrent Clear Claimed Marks
[2021-04-08T14:16:54.699-0800][7.589s] GC(3) Concurrent Clear Claimed Marks 0.044ms
[2021-04-08T14:16:54.699-0800][7.589s] GC(3) Concurrent Scan Root Regions
[2021-04-08T14:16:54.708-0800][7.598s] GC(3) Concurrent Scan Root Regions 9.724ms
[2021-04-08T14:16:54.708-0800][7.598s] GC(3) Concurrent Mark (7.598s)
[2021-04-08T14:16:54.708-0800][7.598s] GC(3) Concurrent Mark From Roots
[2021-04-08T14:16:54.708-0800][7.598s] GC(3) Using 1 workers of 1 for marking
[2021-04-08T14:16:54.727-0800][7.617s] GC(3) Concurrent Mark From Roots 18.573ms
[2021-04-08T14:16:54.727-0800][7.617s] GC(3) Concurrent Preclean
[2021-04-08T14:16:54.727-0800][7.617s] GC(3) Concurrent Preclean 0.030ms
[2021-04-08T14:16:54.727-0800][7.617s] GC(3) Concurrent Mark (7.598s, 7.617s) 18.682ms
[2021-04-08T14:16:54.727-0800][7.617s] GC(3) Pause Remark
[2021-04-08T14:16:54.729-0800][7.619s] GC(3) Pause Remark 24M->24M(512M) 1.829ms
[2021-04-08T14:16:54.729-0800][7.619s] GC(3) User=0.01s Sys=0.00s Real=0.00s
[2021-04-08T14:16:54.729-0800][7.619s] GC(3) Concurrent Rebuild Remembered Sets
[2021-04-08T14:16:54.737-0800][7.627s] GC(3) Concurrent Rebuild Remembered Sets 7.843ms
[2021-04-08T14:16:54.737-0800][7.627s] GC(3) Pause Cleanup
[2021-04-08T14:16:54.737-0800][7.627s] GC(3) Pause Cleanup 24M->24M(512M) 0.088ms
[2021-04-08T14:16:54.737-0800][7.627s] GC(3) User=0.00s Sys=0.00s Real=0.00s
[2021-04-08T14:16:54.737-0800][7.627s] GC(3) Concurrent Cleanup for Next Mark
[2021-04-08T14:16:54.739-0800][7.629s] GC(3) Concurrent Cleanup for Next Mark 1.140ms
[2021-04-08T14:16:54.739-0800][7.629s] GC(3) Concurrent Cycle 40.092ms
[2021-04-08T14:16:56.097-0800][8.987s] GC(4) Pause Young (Normal) (G1 Evacuation Pause)
[2021-04-08T14:16:56.098-0800][8.988s] GC(4) Using 4 workers of 4 for evacuation
[2021-04-08T14:16:56.109-0800][8.999s] GC(4)   Pre Evacuate Collection Set: 0.1ms
[2021-04-08T14:16:56.109-0800][8.999s] GC(4)   Merge Heap Roots: 0.0ms
[2021-04-08T14:16:56.109-0800][8.999s] GC(4)   Evacuate Collection Set: 10.7ms
[2021-04-08T14:16:56.109-0800][8.999s] GC(4)   Post Evacuate Collection Set: 0.8ms
[2021-04-08T14:16:56.109-0800][8.999s] GC(4)   Other: 0.1ms
[2021-04-08T14:16:56.109-0800][8.999s] GC(4) Eden regions: 75->0(106)
[2021-04-08T14:16:56.109-0800][8.999s] GC(4) Survivor regions: 14->4(12)
[2021-04-08T14:16:56.109-0800][8.999s] GC(4) Old regions: 5->18
[2021-04-08T14:16:56.109-0800][8.999s] GC(4) Archive regions: 2->2
[2021-04-08T14:16:56.109-0800][8.999s] GC(4) Humongous regions: 4->4
[2021-04-08T14:16:56.109-0800][8.999s] GC(4) Metaspace: 30099K(30896K)->30099K(30896K) NonClass: 26587K(27056K)->26587K(27056K) Class: 3512K(3840K)->3512K(3840K)
[2021-04-08T14:16:56.109-0800][8.999s] GC(4) Pause Young (Normal) (G1 Evacuation Pause) 98M->26M(512M) 11.805ms
[2021-04-08T14:16:56.109-0800][8.999s] GC(4) User=0.05s Sys=0.00s Real=0.01s
[2021-04-08T14:16:56.686-0800][9.576s] GC(5) Pause Young (Concurrent Start) (Metadata GC Threshold)
[2021-04-08T14:16:56.686-0800][9.576s] GC(5) Using 4 workers of 4 for evacuation
[2021-04-08T14:16:56.693-0800][9.583s] GC(5)   Pre Evacuate Collection Set: 0.1ms
[2021-04-08T14:16:56.693-0800][9.583s] GC(5)   Merge Heap Roots: 0.0ms
[2021-04-08T14:16:56.693-0800][9.583s] GC(5)   Evacuate Collection Set: 6.2ms
[2021-04-08T14:16:56.693-0800][9.583s] GC(5)   Post Evacuate Collection Set: 0.4ms
[2021-04-08T14:16:56.693-0800][9.583s] GC(5)   Other: 0.2ms
[2021-04-08T14:16:56.693-0800][9.583s] GC(5) Eden regions: 80->0(301)
[2021-04-08T14:16:56.693-0800][9.583s] GC(5) Survivor regions: 4->6(14)
[2021-04-08T14:16:56.693-0800][9.583s] GC(5) Old regions: 18->18
[2021-04-08T14:16:56.693-0800][9.583s] GC(5) Archive regions: 2->2
[2021-04-08T14:16:56.693-0800][9.583s] GC(5) Humongous regions: 4->4
[2021-04-08T14:16:56.693-0800][9.583s] GC(5) Metaspace: 34789K(35888K)->34789K(35888K) NonClass: 30670K(31408K)->30670K(31408K) Class: 4119K(4480K)->4119K(4480K)
[2021-04-08T14:16:56.693-0800][9.583s] GC(5) Pause Young (Concurrent Start) (Metadata GC Threshold) 106M->27M(512M) 7.045ms
[2021-04-08T14:16:56.693-0800][9.583s] GC(5) User=0.02s Sys=0.00s Real=0.01s
[2021-04-08T14:16:56.693-0800][9.583s] GC(6) Concurrent Cycle
[2021-04-08T14:16:56.693-0800][9.583s] GC(6) Concurrent Clear Claimed Marks
[2021-04-08T14:16:56.693-0800][9.583s] GC(6) Concurrent Clear Claimed Marks 0.064ms
[2021-04-08T14:16:56.693-0800][9.583s] GC(6) Concurrent Scan Root Regions
[2021-04-08T14:16:56.699-0800][9.589s] GC(6) Concurrent Scan Root Regions 5.319ms
[2021-04-08T14:16:56.699-0800][9.589s] GC(6) Concurrent Mark (9.589s)
[2021-04-08T14:16:56.699-0800][9.589s] GC(6) Concurrent Mark From Roots
[2021-04-08T14:16:56.699-0800][9.589s] GC(6) Using 1 workers of 1 for marking
[2021-04-08T14:16:56.737-0800][9.627s] GC(6) Concurrent Mark From Roots 38.409ms
[2021-04-08T14:16:56.737-0800][9.627s] GC(6) Concurrent Preclean
[2021-04-08T14:16:56.737-0800][9.627s] GC(6) Concurrent Preclean 0.093ms
[2021-04-08T14:16:56.737-0800][9.627s] GC(6) Concurrent Mark (9.589s, 9.627s) 38.596ms
[2021-04-08T14:16:56.738-0800][9.628s] GC(6) Pause Remark
[2021-04-08T14:16:56.740-0800][9.630s] GC(6) Pause Remark 31M->31M(512M) 2.383ms
[2021-04-08T14:16:56.740-0800][9.630s] GC(6) User=0.01s Sys=0.00s Real=0.01s
[2021-04-08T14:16:56.740-0800][9.630s] GC(6) Concurrent Rebuild Remembered Sets
[2021-04-08T14:16:56.760-0800][9.650s] GC(6) Concurrent Rebuild Remembered Sets 19.558ms
[2021-04-08T14:16:56.760-0800][9.650s] GC(6) Pause Cleanup
[2021-04-08T14:16:56.760-0800][9.650s] GC(6) Pause Cleanup 33M->33M(512M) 0.119ms
[2021-04-08T14:16:56.760-0800][9.650s] GC(6) User=0.00s Sys=0.00s Real=0.00s
[2021-04-08T14:16:56.760-0800][9.650s] GC(6) Concurrent Cleanup for Next Mark
[2021-04-08T14:16:56.761-0800][9.651s] GC(6) Concurrent Cleanup for Next Mark 1.255ms
[2021-04-08T14:16:56.762-0800][9.652s] GC(6) Concurrent Cycle 68.208ms
[2021-04-08T14:22:10.103-0800][322.985s] Heap
[2021-04-08T14:22:10.103-0800][322.985s]  garbage-first heap   total 524288K, used 253872K [0x00000007e0000000, 0x0000000800000000)
[2021-04-08T14:22:10.103-0800][322.985s]   region size 1024K, 224 young (229376K), 6 survivors (6144K)
[2021-04-08T14:22:10.103-0800][322.985s]  Metaspace       used 49206K, capacity 50264K, committed 50460K, reserved 1093632K
[2021-04-08T14:22:10.103-0800][322.985s]   class space    used 5998K, capacity 6425K, committed 6528K, reserved 1048576K
